; MemoryDump-SewingMachine-NMMV02.08-2026-08-26_20-18-31.bin — flat binary, 4063232 bytes loaded  H'000000-H'FFFFFF
;
  H'000000  NOP
  H'000002  ORC #H'00,CCR
  H'000004  NOP
  H'000006  .WORD H'0FBA
  H'000008  NOP
  H'00000A  ORC #H'26,CCR
  H'00000C  NOP
  H'00000E  .WORD H'0A64
  H'000010  NOP
  H'000012  MOV.B @H'FFFF48:8,R0H
  H'000014  NOP
  H'000016  MOV.B @H'FFFF24:8,R2H
  H'000018  NOP
  H'00001A  MOV.B @H'FFFF38:8,R2H
  H'00001C  NOP
  H'00001E  .WORD H'0108
  H'000020  NOP
  H'000022  .WORD H'012C
  H'000024  NOP
  H'000026  .WORD H'013A
  H'000028  NOP
  H'00002A  .WORD H'0148
  H'00002C  NOP
  H'00002E  .WORD H'0156
  H'000030  NOP
  H'000032  .WORD H'0164
  H'000034  NOP
  H'000036  .WORD H'0172
  H'000038  NOP
  H'00003A  SLEEP
  H'00003C  NOP
  H'00003E  .WORD H'0190
  H'000040  NOP
  H'000042  .WORD H'01A0
  H'000044  NOP
  H'000046  .WORD H'01B0
  H'000048  NOP
  H'00004A  .WORD H'01C0
  H'00004C  NOP
  H'00004E  .WORD H'01D0
  H'000050  NOP
  H'000052  .WORD H'01E0
  H'000054  NOP
  H'000056  .WORD H'01F0
  H'000058  NOP
  H'00005A  MOV.B @H'FFFF4E:8,R2H
  H'00005C  NOP
  H'00005E  NOP
  H'000060  NOP
  H'000062  STC.B CCR,R0H
  H'000064  NOP
  H'000066  .WORD H'0210
  H'000068  NOP
  H'00006A  .WORD H'0220
  H'00006C  NOP
  H'00006E  NOP
  H'000070  NOP
  H'000072  .WORD H'0230
  H'000074  NOP
  H'000076  .WORD H'0240
  H'000078  NOP
  H'00007A  .WORD H'0250
  H'00007C  NOP
  H'00007E  NOP
  H'000080  NOP
  H'000082  .WORD H'0260
  H'000084  NOP
  H'000086  .WORD H'0270
  H'000088  NOP
  H'00008A  .WORD H'0280
  H'00008C  NOP
  H'00008E  NOP
  H'000090  NOP
  H'000092  .WORD H'0290
  H'000094  NOP
  H'000096  .WORD H'02A0
  H'000098  NOP
  H'00009A  .WORD H'02B0
  H'00009C  NOP
  H'00009E  NOP
  H'0000A0  NOP
  H'0000A2  .WORD H'02C0
  H'0000A4  NOP
  H'0000A6  .WORD H'02D0
  H'0000A8  NOP
  H'0000AA  .WORD H'02E0
  H'0000AC  NOP
  H'0000AE  NOP
  H'0000B0  NOP
  H'0000B2  .WORD H'02F0
  H'0000B4  NOP
  H'0000B6  LDC.B R0H,CCR
  H'0000B8  NOP
  H'0000BA  .WORD H'0310
  H'0000BC  NOP
  H'0000BE  .WORD H'0320
  H'0000C0  NOP
  H'0000C2  .WORD H'0330
  H'0000C4  NOP
  H'0000C6  .WORD H'0340
  H'0000C8  NOP
  H'0000CA  .WORD H'0350
  H'0000CC  NOP
  H'0000CE  .WORD H'0360
  H'0000D0  NOP
  H'0000D2  .WORD H'0370
  H'0000D4  NOP
  H'0000D6  .WORD H'0380
  H'0000D8  NOP
  H'0000DA  .WORD H'0390
  H'0000DC  NOP
  H'0000DE  .WORD H'03A0
  H'0000E0  NOP
  H'0000E2  .WORD H'03B0
  H'0000E4  NOP
  H'0000E6  .WORD H'03C0
  H'0000E8  NOP
  H'0000EA  .WORD H'03D0
  H'0000EC  NOP
  H'0000EE  .WORD H'03E0
  H'0000F0  NOP
  H'0000F2  .WORD H'03F0
  H'0000F4  NOP
  H'0000F6  NOP
  H'0000F8  NOP
  H'0000FA  NOP
  H'0000FC  NOP
  H'0000FE  NOP
  H'000100  MOV.L @H'000000:16,ER0
  H'000106  JMP @ER0
  H'000108  PUSH.L ER0
  H'00010C  MOV.L @H'20001C:24,ER0
  H'000114  MOV.L ER0,@H'FFFD18:24
  H'00011C  MOV.B #H'5A,R0H
  H'00011E  MOV.B R0H,@H'FFFD18:24
  H'000124  POP.L ER0
  H'000128  JMP @H'FFFD18:24
  H'00012C  PUSH.L ER0
  H'000130  MOV.L @H'200020:24,ER0
  H'000138  BRA H'000114
  H'00013A  PUSH.L ER0
  H'00013E  MOV.L @H'200024:24,ER0
  H'000146  BRA H'000114
  H'000148  PUSH.L ER0
  H'00014C  MOV.L @H'200028:24,ER0
  H'000154  BRA H'000114
  H'000156  PUSH.L ER0
  H'00015A  MOV.L @H'20002C:24,ER0
  H'000162  BRA H'000114
  H'000164  PUSH.L ER0
  H'000168  MOV.L @H'200030:24,ER0
  H'000170  BRA H'000114
  H'000172  PUSH.L ER0
  H'000176  MOV.L @H'200034:24,ER0
  H'00017E  BRA H'000114
  H'000180  PUSH.L ER0
  H'000184  MOV.L @H'200038:24,ER0
  H'00018C  BRA H'000114:16
  H'000190  PUSH.L ER0
  H'000194  MOV.L @H'20003C:24,ER0
  H'00019C  BRA H'000114:16
  H'0001A0  PUSH.L ER0
  H'0001A4  MOV.L @H'200040:24,ER0
  H'0001AC  BRA H'000114:16
  H'0001B0  PUSH.L ER0
  H'0001B4  MOV.L @H'200044:24,ER0
  H'0001BC  BRA H'000114:16
  H'0001C0  PUSH.L ER0
  H'0001C4  MOV.L @H'200048:24,ER0
  H'0001CC  BRA H'000114:16
  H'0001D0  PUSH.L ER0
  H'0001D4  MOV.L @H'20004C:24,ER0
  H'0001DC  BRA H'000114:16
  H'0001E0  PUSH.L ER0
  H'0001E4  MOV.L @H'200050:24,ER0
  H'0001EC  BRA H'000114:16
  H'0001F0  PUSH.L ER0
  H'0001F4  MOV.L @H'200054:24,ER0
  H'0001FC  BRA H'000114:16
  H'000200  PUSH.L ER0
  H'000204  MOV.L @H'200060:24,ER0
  H'00020C  BRA H'000114:16
  H'000210  PUSH.L ER0
  H'000214  MOV.L @H'200064:24,ER0
  H'00021C  BRA H'000114:16
  H'000220  PUSH.L ER0
  H'000224  MOV.L @H'200068:24,ER0
  H'00022C  BRA H'000114:16
  H'000230  PUSH.L ER0
  H'000234  MOV.L @H'200070:24,ER0
  H'00023C  BRA H'000114:16
  H'000240  PUSH.L ER0
  H'000244  MOV.L @H'200074:24,ER0
  H'00024C  BRA H'000114:16
  H'000250  PUSH.L ER0
  H'000254  MOV.L @H'200078:24,ER0
  H'00025C  BRA H'000114:16
  H'000260  PUSH.L ER0
  H'000264  MOV.L @H'200080:24,ER0
  H'00026C  BRA H'000114:16
  H'000270  PUSH.L ER0
  H'000274  MOV.L @H'200084:24,ER0
  H'00027C  BRA H'000114:16
  H'000280  PUSH.L ER0
  H'000284  MOV.L @H'200088:24,ER0
  H'00028C  BRA H'000114:16
  H'000290  PUSH.L ER0
  H'000294  MOV.L @H'200090:24,ER0
  H'00029C  BRA H'000114:16
  H'0002A0  PUSH.L ER0
  H'0002A4  MOV.L @H'200094:24,ER0
  H'0002AC  BRA H'000114:16
  H'0002B0  PUSH.L ER0
  H'0002B4  MOV.L @H'200098:24,ER0
  H'0002BC  BRA H'000114:16
  H'0002C0  PUSH.L ER0
  H'0002C4  MOV.L @H'2000A0:24,ER0
  H'0002CC  BRA H'000114:16
  H'0002D0  PUSH.L ER0
  H'0002D4  MOV.L @H'2000A4:24,ER0
  H'0002DC  BRA H'000114:16
  H'0002E0  PUSH.L ER0
  H'0002E4  MOV.L @H'2000A8:24,ER0
  H'0002EC  BRA H'000114:16
  H'0002F0  PUSH.L ER0
  H'0002F4  MOV.L @H'2000B0:24,ER0
  H'0002FC  BRA H'000114:16
  H'000300  PUSH.L ER0
  H'000304  MOV.L @H'2000B4:24,ER0
  H'00030C  BRA H'000114:16
  H'000310  PUSH.L ER0
  H'000314  MOV.L @H'2000B8:24,ER0
  H'00031C  BRA H'000114:16
  H'000320  PUSH.L ER0
  H'000324  MOV.L @H'2000BC:24,ER0
  H'00032C  BRA H'000114:16
  H'000330  PUSH.L ER0
  H'000334  MOV.L @H'2000C0:24,ER0
  H'00033C  BRA H'000114:16
  H'000340  PUSH.L ER0
  H'000344  MOV.L @H'2000C4:24,ER0
  H'00034C  BRA H'000114:16
  H'000350  PUSH.L ER0
  H'000354  MOV.L @H'2000C8:24,ER0
  H'00035C  BRA H'000114:16
  H'000360  PUSH.L ER0
  H'000364  MOV.L @H'2000CC:24,ER0
  H'00036C  BRA H'000114:16
  H'000370  PUSH.L ER0
  H'000374  MOV.L @H'2000D0:24,ER0
  H'00037C  BRA H'000114:16
  H'000380  PUSH.L ER0
  H'000384  MOV.L @H'2000D4:24,ER0
  H'00038C  BRA H'000114:16
  H'000390  PUSH.L ER0
  H'000394  MOV.L @H'2000D8:24,ER0
  H'00039C  BRA H'000114:16
  H'0003A0  PUSH.L ER0
  H'0003A4  MOV.L @H'2000DC:24,ER0
  H'0003AC  BRA H'000114:16
  H'0003B0  PUSH.L ER0
  H'0003B4  MOV.L @H'2000E0:24,ER0
  H'0003BC  BRA H'000114:16
  H'0003C0  PUSH.L ER0
  H'0003C4  MOV.L @H'2000E4:24,ER0
  H'0003CC  BRA H'000114:16
  H'0003D0  PUSH.L ER0
  H'0003D4  MOV.L @H'2000E8:24,ER0
  H'0003DC  BRA H'000114:16
  H'0003E0  PUSH.L ER0
  H'0003E4  MOV.L @H'2000EC:24,ER0
  H'0003EC  BRA H'000114:16
  H'0003F0  PUSH.L ER0
  H'0003F4  MOV.L @H'2000F0:24,ER0
  H'0003FC  BRA H'000114:16
  H'000400  MOV.L #H'00FFFDF4,ER7
  H'000406  JSR @H'001FCC:24
  H'00040A  ORC #H'80,CCR
  H'00040C  RTS
  H'00040E  ANDC #H'7F,CCR
  H'000410  RTS
  H'000412  MOV.L @H'200000:24,ER0
  H'00041A  JMP @ER0
  H'00041C  MOV.L @H'200004:24,ER0
  H'000424  JMP @ER0
  H'000426  PUSH.L ER4
  H'00042A  PUSH.W R6
  H'00042C  SUB.W R4,R4
  H'00042E  MOV.W @ER7,R6
  H'000430  CMP.W R6,R4
  H'000432  BEQ H'000444
  H'000434  SUB.W E4,E4
  H'000436  CMP.W #H'0144,E4
  H'00043A  BEQ H'000440
  H'00043C  INC.W #1,E4
  H'00043E  BRA H'000436
  H'000440  INC.W #1,R4
  H'000442  BRA H'00042E
  H'000444  ADDS #2,ER7
  H'000446  POP.L ER4
  H'00044A  RTS
  H'00044C  PUSH.W R5
  H'00044E  MOV.B @H'FFFD1C:24,R6L
  H'000454  BTST #1,R6L
  H'000456  BNE H'000464
  H'000458  MOV.B @H'FFFFBD:8,R5L
  H'00045A  BCLR #6,@H'FFFFBC:8
  H'00045E  MOV.B R5L,R6L
  H'000460  SUB.B R6H,R6H
  H'000462  BRA H'00046E
  H'000464  MOV.B @H'FFFFB5:8,R5L
  H'000466  BCLR #6,@H'FFFFB4:8
  H'00046A  MOV.B R5L,R6L
  H'00046C  SUB.B R6H,R6H
  H'00046E  POP.W R5
  H'000470  RTS
  H'000472  MOV.B R6L,R6H
  H'000474  MOV.B @H'FFFD1C:24,R6L
  H'00047A  BTST #1,R6L
  H'00047C  BNE H'00048C
  H'00047E  BTST #7,@H'FFFFBC:8
  H'000482  BEQ H'00047E
  H'000484  MOV.B R6H,@H'FFFFBB:8
  H'000486  BCLR #7,@H'FFFFBC:8
  H'00048A  BRA H'000498
  H'00048C  BTST #7,@H'FFFFB4:8
  H'000490  BEQ H'00048C
  H'000492  MOV.B R6H,@H'FFFFB3:8
  H'000494  BCLR #7,@H'FFFFB4:8
  H'000498  RTS
  H'00049A  MOV.B @H'FFFD1C:24,R6L
  H'0004A0  BTST #1,R6L
  H'0004A2  BNE H'0004C8
  H'0004A4  MOV.B @H'FFFFBC:8,R6L
  H'0004A6  AND.B #H'38,R6L
  H'0004A8  BEQ H'0004C2
  H'0004AA  BSR H'00044C
  H'0004AC  MOV.B @H'FFFFBC:8,R6L
  H'0004AE  AND.B #H'C7,R6L
  H'0004B0  MOV.B R6L,@H'FFFFBC:8
  H'0004B2  MOV.B #H'21,R6L
  H'0004B4  BSR H'000472
  H'0004B6  SUB.B R6L,R6L
  H'0004B8  MOV.B R6L,@H'FFFD1E:24
  H'0004BE  SUB.W R6,R6
  H'0004C0  BRA H'0004EC
  H'0004C2  MOV.W #H'0001,R6
  H'0004C6  BRA H'0004EC
  H'0004C8  MOV.B @H'FFFFB4:8,R6L
  H'0004CA  AND.B #H'38,R6L
  H'0004CC  BEQ H'0004E8
  H'0004CE  BSR H'00044C:16
  H'0004D2  MOV.B @H'FFFFB4:8,R6L
  H'0004D4  AND.B #H'C7,R6L
  H'0004D6  MOV.B R6L,@H'FFFFB4:8
  H'0004D8  MOV.B #H'21,R6L
  H'0004DA  BSR H'000472
  H'0004DC  SUB.B R6L,R6L
  H'0004DE  MOV.B R6L,@H'FFFD1E:24
  H'0004E4  SUB.W R6,R6
  H'0004E6  BRA H'0004EC
  H'0004E8  MOV.W #H'0001,R6
  H'0004EC  RTS
  H'0004EE  PUSH.W R5
  H'0004F0  MOV.B @H'FFFD1C:24,R6L
  H'0004F6  BTST #1,R6L
  H'0004F8  BNE H'00050E
  H'0004FA  BTST #6,@H'FFFFBC:8
  H'0004FE  BNE H'000504
  H'000500  BSR H'00049A
  H'000502  BRA H'0004FA
  H'000504  MOV.B @H'FFFFBD:8,R5L
  H'000506  BCLR #6,@H'FFFFBC:8
  H'00050A  MOV.B R5L,R6L
  H'00050C  BRA H'000520
  H'00050E  BTST #6,@H'FFFFB4:8
  H'000512  BNE H'000518
  H'000514  BSR H'00049A
  H'000516  BRA H'00050E
  H'000518  MOV.B @H'FFFFB5:8,R5L
  H'00051A  BCLR #6,@H'FFFFB4:8
  H'00051E  MOV.B R5L,R6L
  H'000520  POP.W R5
  H'000522  RTS
  H'000524  MOV.B @H'FFFD1C:24,R6L
  H'00052A  BTST #1,R6L
  H'00052C  BNE H'000536
  H'00052E  MOV.B @H'FFFFBC:8,R6L
  H'000530  AND.B #H'40,R6L
  H'000532  SUB.B R6H,R6H
  H'000534  BRA H'00053C
  H'000536  MOV.B @H'FFFFB4:8,R6L
  H'000538  AND.B #H'40,R6L
  H'00053A  SUB.B R6H,R6H
  H'00053C  RTS
  H'00053E  MOV.B @H'FFFD1C:24,R6L
  H'000544  BTST #1,R6L
  H'000546  BNE H'000550
  H'000548  MOV.B @H'FFFFBC:8,R6L
  H'00054A  AND.B #H'80,R6L
  H'00054C  SUB.B R6H,R6H
  H'00054E  BRA H'000556
  H'000550  MOV.B @H'FFFFB4:8,R6L
  H'000552  AND.B #H'80,R6L
  H'000554  SUB.B R6H,R6H
  H'000556  RTS
  H'000558  PUSH.W R5
  H'00055A  MOV.B @H'FFFD1E:24,R6L
  H'000560  INC.B R6L
  H'000562  MOV.B R6L,@H'FFFD1E:24
  H'000568  BSR H'00044C:16
  H'00056C  MOV.B R6L,R5L
  H'00056E  MOV.B R5L,R5H
  H'000570  CMP.B #H'30,R5L
  H'000572  BCS H'00057C
  H'000574  CMP.B #H'39,R5H
  H'000576  BHI H'00057C
  H'000578  ADD.B #H'D0,R5L
  H'00057A  BRA H'000592
  H'00057C  CMP.B #H'41,R5H
  H'00057E  BCS H'000588
  H'000580  CMP.B #H'46,R5H
  H'000582  BHI H'000588
  H'000584  ADD.B #H'C9,R5L
  H'000586  BRA H'000592
  H'000588  SUB.B R6L,R6L
  H'00058A  MOV.B R6L,@H'FFFD1E:24
  H'000590  MOV.B #H'3F,R5H
  H'000592  MOV.B R5H,R6L
  H'000594  BSR H'000472:16
  H'000598  MOV.B R5L,R6L
  H'00059A  POP.W R5
  H'00059C  RTS
  H'00059E  PUSH.W R4
  H'0005A0  PUSH.W R5
  H'0005A2  PUSH.W R6
  H'0005A4  MOV.B @H'FFFD1E:24,R5L
  H'0005AA  INC.B R5L
  H'0005AC  MOV.B R5L,@H'FFFD1E:24
  H'0005B2  BSR H'00044C:16
  H'0005B6  MOV.B R6L,R5H
  H'0005B8  MOV.B R5H,R4L
  H'0005BA  CMP.B #H'30,R5H
  H'0005BC  BCS H'0005C6
  H'0005BE  CMP.B #H'39,R4L
  H'0005C0  BHI H'0005C6
  H'0005C2  ADD.B #H'D0,R5H
  H'0005C4  BRA H'0005DE
  H'0005C6  CMP.B #H'41,R4L
  H'0005C8  BCS H'0005D2
  H'0005CA  CMP.B #H'46,R4L
  H'0005CC  BHI H'0005D2
  H'0005CE  ADD.B #H'C9,R5H
  H'0005D0  BRA H'0005DE
  H'0005D2  MOV.B @(H'0001:16,ER7),R6L
  H'0005D6  MOV.B R6L,@H'FFFD1E:24
  H'0005DC  MOV.B #H'3F,R4L
  H'0005DE  MOV.B R4L,R6L
  H'0005E0  BSR H'000472:16
  H'0005E4  MOV.B R5H,R6L
  H'0005E6  ADDS #2,ER7
  H'0005E8  POP.W R5
  H'0005EA  POP.W R4
  H'0005EC  RTS
  H'0005EE  PUSH.W R5
  H'0005F0  AND.B #H'0F,R6L
  H'0005F2  MOV.B R6L,R5L
  H'0005F4  CMP.B #H'09,R5L
  H'0005F6  BHI H'000600
  H'0005F8  ADD.B #H'30,R6L
  H'0005FA  BSR H'000472:16
  H'0005FE  BRA H'000606
  H'000600  ADD.B #H'37,R6L
  H'000602  BSR H'000472:16
  H'000606  POP.W R5
  H'000608  RTS
  H'00060A  PUSH.L ER3
  H'00060E  PUSH.L ER5
  H'000612  PUSH.L ER6
  H'000616  SUB.W E3,E3
  H'000618  MOV.W E3,R6
  H'00061A  EXTS.L ER6
  H'00061C  MOV.L @ER7,ER5
  H'000620  ADD.L ER5,ER6
  H'000622  MOV.B @ER6,R3L
  H'000624  BEQ H'000630
  H'000626  MOV.B R3L,R6L
  H'000628  BSR H'000472:16
  H'00062C  INC.W #1,E3
  H'00062E  BRA H'000618
  H'000630  ADDS #4,ER7
  H'000632  POP.L ER5
  H'000636  POP.L ER3
  H'00063A  RTS
  H'00063C  PUSH.L ER6
  H'000640  MOV.L #H'00002267,ER6
  H'000646  BSR H'00060A
  H'000648  POP.L ER6
  H'00064C  RTS
  H'00064E  PUSH.W R5
  H'000650  MOV.B R6L,R5L
  H'000652  MOV.B @H'FFFD1C:24,R6L
  H'000658  BTST #1,R6L
  H'00065A  BNE H'000682
  H'00065C  MOV.W #H'000A,R6
  H'000660  BSR H'000426:16
  H'000664  SUB.B R6L,R6L
  H'000666  MOV.B R6L,@H'FFFFBA:8
  H'000668  MOV.B R6L,@H'FFFFB8:8
  H'00066A  MOV.B R5L,@H'FFFFB9:8
  H'00066C  MOV.W #H'0001,R6
  H'000670  BSR H'000426:16
  H'000674  MOV.B #H'30,R6L
  H'000676  MOV.B R6L,@H'FFFFBA:8
  H'000678  MOV.W #H'000A,R6
  H'00067C  BSR H'000426:16
  H'000680  BRA H'0006A6
  H'000682  MOV.W #H'000A,R6
  H'000686  BSR H'000426:16
  H'00068A  SUB.B R6L,R6L
  H'00068C  MOV.B R6L,@H'FFFFB2:8
  H'00068E  MOV.B R6L,@H'FFFFB0:8
  H'000690  MOV.B R5L,@H'FFFFB1:8
  H'000692  MOV.W #H'0001,R6
  H'000696  BSR H'000426:16
  H'00069A  MOV.B #H'30,R6L
  H'00069C  MOV.B R6L,@H'FFFFB2:8
  H'00069E  MOV.W #H'000A,R6
  H'0006A2  BSR H'000426:16
  H'0006A6  POP.W R5
  H'0006A8  RTS
  H'0006AA  PUSH.W R6
  H'0006AC  SUB.B R6L,R6L
  H'0006AE  MOV.B R6L,@H'FFFFBA:8
  H'0006B0  MOV.B R6L,@H'FFFFB8:8
  H'0006B2  MOV.B #H'11,R6L
  H'0006B4  MOV.B R6L,@H'FFFFB9:8
  H'0006B6  MOV.W #H'0001,R6
  H'0006BA  BSR H'000426:16
  H'0006BE  MOV.B #H'30,R6L
  H'0006C0  MOV.B R6L,@H'FFFFBA:8
  H'0006C2  POP.W R6
  H'0006C4  RTS
  H'0006C6  PUSH.L ER6
  H'0006CA  BTST #7,@H'FFFF27:8
  H'0006CE  BNE H'0006CA
  H'0006D0  MOV.L @ER7,ER6
  H'0006D4  MOV.L ER6,@H'FFFF20:16
  H'0006DA  MOV.L @(H'0008:16,ER7),ER6
  H'0006E0  MOV.L ER6,@H'FFFF28:16
  H'0006E6  MOV.W @(H'000C:16,ER7),R6
  H'0006EA  MOV.W R6,@H'FFFF24:16
  H'0006EE  MOV.B #H'10,R6L
  H'0006F0  MOV.B R6L,@H'FFFF2F:8
  H'0006F2  MOV.B #H'16,R6L
  H'0006F4  MOV.B R6L,@H'FFFF27:8
  H'0006F6  BCLR #7,@H'FFFF2F:8
  H'0006FA  BSET #7,@H'FFFF2F:8
  H'0006FE  BCLR #7,@H'FFFF27:8
  H'000702  BSET #7,@H'FFFF27:8
  H'000706  ADDS #4,ER7
  H'000708  RTS
  H'00070A  PUSH.W R2
  H'00070C  PUSH.W R3
  H'00070E  PUSH.L ER4
  H'000712  PUSH.W R5
  H'000714  AND.L #H'00FF0000,ER6
  H'00071A  MOV.L ER6,ER4
  H'00071C  ADD.L #H'00005555,ER6
  H'000722  MOV.B @ER6,R2H
  H'000724  MOV.L ER4,ER6
  H'000726  ADD.L #H'00002AAA,ER6
  H'00072C  MOV.B @ER6,R2L
  H'00072E  MOV.B @ER4,R3H
  H'000730  MOV.L ER4,ER6
  H'000732  ADDS #1,ER6
  H'000734  MOV.B @ER6,R3L
  H'000736  MOV.L ER4,ER6
  H'000738  ADD.L #H'00005555,ER6
  H'00073E  MOV.B #H'AA,R5L
  H'000740  MOV.B R5L,@ER6
  H'000742  MOV.L ER4,ER6
  H'000744  ADD.L #H'00002AAA,ER6
  H'00074A  MOV.B #H'55,R5L
  H'00074C  MOV.B R5L,@ER6
  H'00074E  MOV.L ER4,ER6
  H'000750  ADD.L #H'00005555,ER6
  H'000756  MOV.B #H'90,R5L
  H'000758  MOV.B R5L,@ER6
  H'00075A  MOV.W #H'000B,R6
  H'00075E  BSR H'000426:16
  H'000762  SUB.B R5H,R5H
  H'000764  MOV.B @ER4,R6L
  H'000766  CMP.B R3H,R6L
  H'000768  BNE H'000778
  H'00076A  MOV.L ER4,ER6
  H'00076C  ADDS #1,ER6
  H'00076E  MOV.B @ER6,R5L
  H'000770  CMP.B R3L,R5L
  H'000772  BNE H'000778
  H'000774  MOV.B #H'0A,R5H
  H'000776  BRA H'0007D8
  H'000778  MOV.B @ER4,R6L
  H'00077A  CMP.B #H'33,R6L
  H'00077C  BNE H'000780
  H'00077E  BRA H'0007D8
  H'000780  CMP.B #H'01,R6L
  H'000782  BEQ H'0007C4
  H'000784  CMP.B #H'04,R6L
  H'000786  BEQ H'0007B0
  H'000788  CMP.B #H'1F,R6L
  H'00078A  BNE H'0007D8
  H'00078C  MOV.L ER4,ER6
  H'00078E  ADDS #1,ER6
  H'000790  MOV.B @ER6,R5L
  H'000792  CMP.B #H'A4,R5L
  H'000794  BNE H'00079A
  H'000796  MOV.B #H'01,R5H
  H'000798  BRA H'0007B0
  H'00079A  CMP.B #H'13,R5L
  H'00079C  BNE H'0007A2
  H'00079E  MOV.B #H'02,R5H
  H'0007A0  BRA H'0007B0
  H'0007A2  CMP.B #H'DA,R5L
  H'0007A4  BNE H'0007AA
  H'0007A6  MOV.B #H'03,R5H
  H'0007A8  BRA H'0007B0
  H'0007AA  CMP.B #H'D5,R5L
  H'0007AC  BNE H'0007B0
  H'0007AE  MOV.B #H'04,R5H
  H'0007B0  MOV.L ER4,ER6
  H'0007B2  ADDS #1,ER6
  H'0007B4  MOV.B @ER6,R5L
  H'0007B6  CMP.B #H'AD,R5L
  H'0007B8  BNE H'0007BE
  H'0007BA  MOV.B #H'06,R5H
  H'0007BC  BRA H'0007C4
  H'0007BE  CMP.B #H'D5,R5L
  H'0007C0  BNE H'0007C4
  H'0007C2  MOV.B #H'07,R5H
  H'0007C4  MOV.L ER4,ER6
  H'0007C6  ADDS #1,ER6
  H'0007C8  MOV.B @ER6,R5L
  H'0007CA  CMP.B #H'AD,R5L
  H'0007CC  BNE H'0007D2
  H'0007CE  MOV.B #H'08,R5H
  H'0007D0  BRA H'0007D8
  H'0007D2  CMP.B #H'D5,R5L
  H'0007D4  BNE H'0007D8
  H'0007D6  MOV.B #H'09,R5H
  H'0007D8  MOV.L ER4,ER6
  H'0007DA  ADD.L #H'00005555,ER6
  H'0007E0  MOV.B #H'AA,R5L
  H'0007E2  MOV.B R5L,@ER6
  H'0007E4  MOV.L ER4,ER6
  H'0007E6  ADD.L #H'00002AAA,ER6
  H'0007EC  MOV.B #H'55,R5L
  H'0007EE  MOV.B R5L,@ER6
  H'0007F0  MOV.L ER4,ER6
  H'0007F2  ADD.L #H'00005555,ER6
  H'0007F8  MOV.B #H'F0,R5L
  H'0007FA  MOV.B R5L,@ER6
  H'0007FC  CMP.B #H'0A,R5H
  H'0007FE  BNE H'000814
  H'000800  MOV.L ER4,ER6
  H'000802  ADD.L #H'00005555,ER6
  H'000808  MOV.B R2H,@ER6
  H'00080A  MOV.L ER4,ER6
  H'00080C  ADD.L #H'00002AAA,ER6
  H'000812  MOV.B R2L,@ER6
  H'000814  MOV.W #H'000B,R6
  H'000818  BSR H'000426:16
  H'00081C  MOV.B R5H,R6L
  H'00081E  POP.W R5
  H'000820  POP.L ER4
  H'000824  POP.W R3
  H'000826  POP.W R2
  H'000828  RTS
  H'00082A  PUSH.L ER5
  H'00082E  PUSH.L ER6
  H'000832  MOV.W #H'0100,R5
  H'000836  PUSH.W R5
  H'000838  MOV.L @H'FFFD10:24,ER5
  H'000840  PUSH.L ER5
  H'000844  MOV.L @(H'0006:16,ER7),ER6
  H'00084A  AND.L #H'00FFFF00,ER6
  H'000850  BSR H'0006C6:16
  H'000854  ADDS #4,ER7
  H'000856  ADDS #2,ER7
  H'000858  ADDS #4,ER7
  H'00085A  POP.L ER5
  H'00085E  RTS
  H'000860  PUSH.L ER4
  H'000864  PUSH.W R5
  H'000866  SUBS #4,ER7
  H'000868  MOV.L ER6,ER4
  H'00086A  MOV.L ER4,@ER7
  H'00086E  SUB.W R5,R5
  H'000870  BTST #7,@ER4
  H'000874  BNE H'00088A
  H'000876  MOV.W R5,R6
  H'000878  INC.W #1,R5
  H'00087A  CMP.W #H'3A98,R6
  H'00087E  BGE H'00088A
  H'000880  MOV.W #H'0001,R6
  H'000884  BSR H'000426:16
  H'000888  BRA H'000870
  H'00088A  CMP.W #H'3A98,R5
  H'00088E  BGE H'000896
  H'000890  MOV.W #H'0001,R6
  H'000894  BRA H'000898
  H'000896  SUB.W R6,R6
  H'000898  ADDS #4,ER7
  H'00089A  POP.W R5
  H'00089C  POP.L ER4
  H'0008A0  RTS
  H'0008A2  PUSH.L ER3
  H'0008A6  PUSH.L ER4
  H'0008AA  PUSH.W R5
  H'0008AC  AND.L #H'00FF0000,ER6
  H'0008B2  MOV.L ER6,ER3
  H'0008B4  ADD.L #H'00005555,ER6
  H'0008BA  MOV.B #H'AA,R5L
  H'0008BC  MOV.B R5L,@ER6
  H'0008BE  MOV.L ER3,ER6
  H'0008C0  ADD.L #H'00002AAA,ER6
  H'0008C6  MOV.B #H'55,R5L
  H'0008C8  MOV.B R5L,@ER6
  H'0008CA  MOV.L ER3,ER6
  H'0008CC  ADD.L #H'00005555,ER6
  H'0008D2  MOV.B #H'80,R5L
  H'0008D4  MOV.B R5L,@ER6
  H'0008D6  MOV.L ER3,ER6
  H'0008D8  ADD.L #H'00005555,ER6
  H'0008DE  MOV.B #H'AA,R5L
  H'0008E0  MOV.B R5L,@ER6
  H'0008E2  MOV.L ER3,ER6
  H'0008E4  ADD.L #H'00002AAA,ER6
  H'0008EA  MOV.B #H'55,R5L
  H'0008EC  MOV.B R5L,@ER6
  H'0008EE  SUB.L ER4,ER4
  H'0008F0  CMP.L #H'00010000,ER4
  H'0008F6  BCC H'000908
  H'0008F8  MOV.L ER4,ER6
  H'0008FA  ADD.L ER3,ER6
  H'0008FC  MOV.B #H'30,R5L
  H'0008FE  MOV.B R5L,@ER6
  H'000900  ADD.L #H'00010000,ER4
  H'000906  BRA H'0008F0
  H'000908  MOV.W #H'0001,R6
  H'00090C  BSR H'000426:16
  H'000910  MOV.L ER3,ER6
  H'000912  BSR H'000860:16
  H'000916  POP.W R5
  H'000918  POP.L ER4
  H'00091C  POP.L ER3
  H'000920  RTS
  H'000922  PUSH.L ER4
  H'000926  PUSH.W R5
  H'000928  AND.L #H'00FF0000,ER6
  H'00092E  MOV.L ER6,ER4
  H'000930  ADD.L #H'00005555,ER6
  H'000936  MOV.B #H'AA,R5L
  H'000938  MOV.B R5L,@ER6
  H'00093A  MOV.L ER4,ER6
  H'00093C  ADD.L #H'00002AAA,ER6
  H'000942  MOV.B #H'55,R5L
  H'000944  MOV.B R5L,@ER6
  H'000946  MOV.L ER4,ER6
  H'000948  ADD.L #H'00005555,ER6
  H'00094E  MOV.B #H'A0,R5L
  H'000950  MOV.B R5L,@ER6
  H'000952  POP.W R5
  H'000954  POP.L ER4
  H'000958  RTS
  H'00095A  PUSH.L ER3
  H'00095E  PUSH.W R4
  H'000960  PUSH.W R5
  H'000962  SUBS #4,ER7
  H'000964  MOV.L ER6,ER3
  H'000966  MOV.L ER3,@ER7
  H'00096A  SUB.W R4,R4
  H'00096C  MOV.B @ER3,R6L
  H'00096E  AND.B #H'40,R6L
  H'000970  MOV.B @ER3,R5L
  H'000972  AND.B #H'40,R5L
  H'000974  CMP.B R5L,R6L
  H'000976  BEQ H'00098C
  H'000978  MOV.W R4,R6
  H'00097A  INC.W #1,R4
  H'00097C  CMP.W #H'2AF8,R6
  H'000980  BGE H'00098C
  H'000982  MOV.W #H'0001,R6
  H'000986  BSR H'000426:16
  H'00098A  BRA H'00096C
  H'00098C  CMP.W #H'2AF8,R4
  H'000990  BGE H'000998
  H'000992  MOV.W #H'0001,R6
  H'000996  BRA H'00099A
  H'000998  SUB.W R6,R6
  H'00099A  ADDS #4,ER7
  H'00099C  POP.W R5
  H'00099E  POP.W R4
  H'0009A0  POP.L ER3
  H'0009A4  RTS
  H'0009A6  PUSH.L ER3
  H'0009AA  PUSH.W R4
  H'0009AC  PUSH.W R5
  H'0009AE  SUBS #4,ER7
  H'0009B0  MOV.L ER6,ER3
  H'0009B2  MOV.L ER3,@ER7
  H'0009B6  SUB.W R4,R4
  H'0009B8  MOV.B @ER3,R6L
  H'0009BA  AND.B #H'40,R6L
  H'0009BC  MOV.B @ER3,R5L
  H'0009BE  AND.B #H'40,R5L
  H'0009C0  CMP.B R5L,R6L
  H'0009C2  BEQ H'0009D8
  H'0009C4  MOV.W R4,R6
  H'0009C6  INC.W #1,R4
  H'0009C8  CMP.W #H'0011,R6
  H'0009CC  BGE H'0009D8
  H'0009CE  MOV.W #H'0001,R6
  H'0009D2  BSR H'000426:16
  H'0009D6  BRA H'0009B8
  H'0009D8  CMP.W #H'0011,R4
  H'0009DC  BGE H'0009E4
  H'0009DE  MOV.W #H'0001,R6
  H'0009E2  BRA H'0009E6
  H'0009E4  SUB.W R6,R6
  H'0009E6  ADDS #4,ER7
  H'0009E8  POP.W R5
  H'0009EA  POP.W R4
  H'0009EC  POP.L ER3
  H'0009F0  RTS
  H'0009F2  PUSH.L ER5
  H'0009F6  PUSH.L ER6
  H'0009FA  MOV.W #H'0100,R5
  H'0009FE  PUSH.W R5
  H'000A00  MOV.L @H'FFFD10:24,ER5
  H'000A08  PUSH.L ER5
  H'000A0C  MOV.L @(H'0006:16,ER7),ER6
  H'000A12  AND.L #H'00FFFF00,ER6
  H'000A18  BSR H'0006C6:16
  H'000A1C  ADDS #4,ER7
  H'000A1E  ADDS #2,ER7
  H'000A20  ADDS #4,ER7
  H'000A22  POP.L ER5
  H'000A26  RTS
  H'000A28  PUSH.L ER5
  H'000A2C  MOV.L ER6,ER5
  H'000A2E  BSR H'000922:16
  H'000A32  MOV.W #H'0100,R6
  H'000A36  PUSH.W R6
  H'000A38  MOV.L ER5,ER6
  H'000A3A  AND.L #H'00FFFF00,ER6
  H'000A40  PUSH.L ER6
  H'000A44  MOV.L @H'FFFD10:24,ER6
  H'000A4C  BSR H'0006C6:16
  H'000A50  ADDS #4,ER7
  H'000A52  ADDS #2,ER7
  H'000A54  MOV.L ER5,ER6
  H'000A56  BSR H'0009A6:16
  H'000A5A  POP.L ER5
  H'000A5E  RTS
  H'000A60  BSR H'000A28
  H'000A62  RTS
  H'000A64  PUSH.L ER0
  H'000A68  PUSH.L ER1
  H'000A6C  PUSH.L ER2
  H'000A70  PUSH.L ER4
  H'000A74  PUSH.L ER5
  H'000A78  MOV.L @(H'0018:16,ER7),ER4
  H'000A7E  MOV.L @(H'001C:16,ER7),ER2
  H'000A84  SUB.B R0L,R0L
  H'000A86  MOV.L ER6,ER1
  H'000A88  MOV.L ER4,ER6
  H'000A8A  BSR H'00082A:16
  H'000A8E  MOV.L ER4,ER6
  H'000A90  AND.L #H'000000FF,ER6
  H'000A96  ADD.L ER2,ER6
  H'000A98  CMP.L #H'00000100,ER6
  H'000A9E  BLS H'000AAE
  H'000AA0  MOV.W R4,R6
  H'000AA2  AND.W #H'00FF,R6
  H'000AA6  MOV.W #H'0100,E0
  H'000AAA  SUB.W R6,E0
  H'000AAC  BRA H'000AB2
  H'000AAE  MOV.W R2,E0
  H'000AB0  MOV.B #H'01,R0L
  H'000AB2  PUSH.W E0
  H'000AB4  MOV.L ER4,ER6
  H'000AB6  AND.L #H'000000FF,ER6
  H'000ABC  MOV.L @H'FFFD10:24,ER5
  H'000AC4  ADD.L ER5,ER6
  H'000AC6  PUSH.L ER6
  H'000ACA  MOV.L ER1,ER6
  H'000ACC  BSR H'0006C6:16
  H'000AD0  ADDS #4,ER7
  H'000AD2  ADDS #2,ER7
  H'000AD4  MOV.L ER4,ER6
  H'000AD6  BSR H'000A60
  H'000AD8  MOV.W E0,R6
  H'000ADA  EXTU.L ER6
  H'000ADC  ADD.L ER6,ER1
  H'000ADE  ADD.L ER6,ER4
  H'000AE0  SUB.L ER6,ER2
  H'000AE2  MOV.B R0L,R0L
  H'000AE4  BEQ H'000A88
  H'000AE6  POP.L ER5
  H'000AEA  POP.L ER4
  H'000AEE  POP.L ER2
  H'000AF2  POP.L ER1
  H'000AF6  POP.L ER0
  H'000AFA  RTS
  H'000AFC  PUSH.L ER4
  H'000B00  PUSH.W R5
  H'000B02  MOV.L ER6,ER4
  H'000B04  ADD.L #H'00005555,ER6
  H'000B0A  MOV.B #H'AA,R5L
  H'000B0C  MOV.B R5L,@ER6
  H'000B0E  MOV.L ER4,ER6
  H'000B10  ADD.L #H'00002AAA,ER6
  H'000B16  MOV.B #H'55,R5L
  H'000B18  MOV.B R5L,@ER6
  H'000B1A  MOV.L ER4,ER6
  H'000B1C  ADD.L #H'00005555,ER6
  H'000B22  MOV.B #H'80,R5L
  H'000B24  MOV.B R5L,@ER6
  H'000B26  MOV.L ER4,ER6
  H'000B28  ADD.L #H'00002AAA,ER6
  H'000B2E  MOV.B #H'55,R5L
  H'000B30  MOV.B R5L,@ER6
  H'000B32  MOV.L ER4,ER6
  H'000B34  ADD.L #H'00005555,ER6
  H'000B3A  MOV.B #H'10,R5L
  H'000B3C  MOV.B R5L,@ER6
  H'000B3E  MOV.L ER4,ER6
  H'000B40  BSR H'00095A:16
  H'000B44  POP.W R5
  H'000B46  POP.L ER4
  H'000B4A  RTS
  H'000B4C  PUSH.L ER2
  H'000B50  PUSH.L ER3
  H'000B54  PUSH.L ER5
  H'000B58  MOV.L ER6,ER3
  H'000B5A  MOV.B #H'4F,R6L
  H'000B5C  BSR H'000472:16
  H'000B60  MOV.W #H'0001,R2
  H'000B64  CMP.W #H'0001,R2
  H'000B68  BNE H'000BFE:16
  H'000B6C  MOV.B #H'45,R6L
  H'000B6E  BSR H'000472:16
  H'000B72  BSR H'0004EE:16
  H'000B76  CMP.B #H'59,R6L
  H'000B78  BNE H'000BEC
  H'000B7A  MOV.B #H'59,R6L
  H'000B7C  BSR H'000472:16
  H'000B80  SUB.W E2,E2
  H'000B82  CMP.W #H'0100,E2
  H'000B86  BEQ H'000BA8
  H'000B88  MOV.W E2,R6
  H'000B8A  EXTS.L ER6
  H'000B8C  MOV.L @H'FFFD10:24,ER5
  H'000B94  ADD.L ER5,ER6
  H'000B96  PUSH.L ER6
  H'000B9A  BSR H'0004EE:16
  H'000B9E  POP.L ER5
  H'000BA2  MOV.B R6L,@ER5
  H'000BA4  INC.W #1,E2
  H'000BA6  BRA H'000B82
  H'000BA8  CMP.W #H'0001,R2
  H'000BAC  BNE H'000BB6
  H'000BAE  MOV.B #H'4F,R6L
  H'000BB0  BSR H'000472:16
  H'000BB4  BRA H'000BBC
  H'000BB6  MOV.B #H'56,R6L
  H'000BB8  BSR H'000472:16
  H'000BBC  MOV.L ER3,ER6
  H'000BBE  BSR H'0009A6:16
  H'000BC2  MOV.W R6,R2
  H'000BC4  MOV.L ER3,ER6
  H'000BC6  BSR H'000922:16
  H'000BCA  MOV.W #H'0100,R6
  H'000BCE  PUSH.W R6
  H'000BD0  PUSH.L ER3
  H'000BD4  MOV.L @H'FFFD10:24,ER6
  H'000BDC  BSR H'0006C6:16
  H'000BE0  ADDS #4,ER7
  H'000BE2  ADDS #2,ER7
  H'000BE4  ADD.L #H'00000100,ER3
  H'000BEA  BRA H'000BFA
  H'000BEC  MOV.B #H'4E,R6L
  H'000BEE  BSR H'000472:16
  H'000BF2  MOV.L ER3,ER6
  H'000BF4  BSR H'0009A6:16
  H'000BF8  SUB.W R2,R2
  H'000BFA  BRA H'000B64:16
  H'000BFE  POP.L ER5
  H'000C02  POP.L ER3
  H'000C06  POP.L ER2
  H'000C0A  RTS
  H'000C0C  PUSH.L ER1
  H'000C10  PUSH.L ER2
  H'000C14  PUSH.L ER3
  H'000C18  PUSH.W R4
  H'000C1A  PUSH.W R5
  H'000C1C  MOV.L ER6,ER2
  H'000C1E  AND.L #H'0FFF0000,ER6
  H'000C24  MOV.L ER6,ER3
  H'000C26  ADD.L #H'00005555,ER6
  H'000C2C  MOV.B #H'AA,R5L
  H'000C2E  MOV.B R5L,@ER6
  H'000C30  MOV.L ER3,ER6
  H'000C32  ADD.L #H'00002AAA,ER6
  H'000C38  MOV.B #H'55,R5L
  H'000C3A  MOV.B R5L,@ER6
  H'000C3C  MOV.L ER3,ER6
  H'000C3E  ADD.L #H'00005555,ER6
  H'000C44  MOV.B #H'A0,R5L
  H'000C46  MOV.B R5L,@ER6
  H'000C48  MOV.B @(H'0015:16,ER7),R6L
  H'000C4C  MOV.B R6L,@ER2
  H'000C4E  MOV.L ER2,ER1
  H'000C50  SUB.W R4,R4
  H'000C52  MOV.B @ER2,R6L
  H'000C54  AND.B #H'40,R6L
  H'000C56  MOV.B @ER1,R5L
  H'000C58  AND.B #H'40,R5L
  H'000C5A  CMP.B R5L,R6L
  H'000C5C  BEQ H'000C6A
  H'000C5E  MOV.W R4,R6
  H'000C60  INC.W #1,R4
  H'000C62  CMP.W #H'03E8,R6
  H'000C66  BGE H'000C6A
  H'000C68  BRA H'000C52
  H'000C6A  CMP.W #H'03E8,R4
  H'000C6E  BGE H'000C76
  H'000C70  MOV.W #H'0001,R6
  H'000C74  BRA H'000C78
  H'000C76  SUB.W R6,R6
  H'000C78  POP.W R5
  H'000C7A  POP.W R4
  H'000C7C  POP.L ER3
  H'000C80  POP.L ER2
  H'000C84  POP.L ER1
  H'000C88  RTS
  H'000C8A  PUSH.L ER1
  H'000C8E  PUSH.L ER3
  H'000C92  PUSH.L ER4
  H'000C96  PUSH.W R5
  H'000C98  SUBS #4,ER7
  H'000C9A  MOV.L ER6,ER3
  H'000C9C  AND.L #H'0FFF0000,ER6
  H'000CA2  MOV.L ER6,ER4
  H'000CA4  MOV.B #H'4F,R6L
  H'000CA6  BSR H'000472:16
  H'000CAA  MOV.L ER3,@ER7
  H'000CAE  MOV.W #H'0001,R1
  H'000CB2  CMP.W #H'0001,R1
  H'000CB6  BNE H'000D4C:16
  H'000CBA  MOV.B #H'45,R6L
  H'000CBC  BSR H'000472:16
  H'000CC0  BSR H'0004EE:16
  H'000CC4  CMP.B #H'59,R6L
  H'000CC6  BNE H'000D40
  H'000CC8  MOV.L ER3,ER6
  H'000CCA  AND.L #H'0000FFFF,ER6
  H'000CD0  BNE H'000CD8
  H'000CD2  MOV.L ER3,ER6
  H'000CD4  BSR H'0008A2:16
  H'000CD8  MOV.B #H'59,R6L
  H'000CDA  BSR H'000472:16
  H'000CDE  MOV.L ER3,ER4
  H'000CE0  AND.L #H'00FF0000,ER4
  H'000CE6  SUB.W E1,E1
  H'000CE8  CMP.W #H'0100,E1
  H'000CEC  BEQ H'000D24
  H'000CEE  BSR H'0004EE:16
  H'000CF2  MOV.B R6L,R5H
  H'000CF4  MOV.L ER4,ER6
  H'000CF6  ADD.L #H'00005555,ER6
  H'000CFC  MOV.B #H'AA,R5L
  H'000CFE  MOV.B R5L,@ER6
  H'000D00  MOV.L ER4,ER6
  H'000D02  ADD.L #H'00002AAA,ER6
  H'000D08  MOV.B #H'55,R5L
  H'000D0A  MOV.B R5L,@ER6
  H'000D0C  MOV.L ER4,ER6
  H'000D0E  ADD.L #H'00005555,ER6
  H'000D14  MOV.B #H'A0,R5L
  H'000D16  MOV.B R5L,@ER6
  H'000D18  MOV.W E1,R6
  H'000D1A  EXTS.L ER6
  H'000D1C  ADD.L ER3,ER6
  H'000D1E  MOV.B R5H,@ER6
  H'000D20  INC.W #1,E1
  H'000D22  BRA H'000CE8
  H'000D24  CMP.W #H'0001,R1
  H'000D28  BNE H'000D32
  H'000D2A  MOV.B #H'4F,R6L
  H'000D2C  BSR H'000472:16
  H'000D30  BRA H'000D38
  H'000D32  MOV.B #H'56,R6L
  H'000D34  BSR H'000472:16
  H'000D38  ADD.L #H'00000100,ER3
  H'000D3E  BRA H'000D48
  H'000D40  MOV.B #H'4E,R6L
  H'000D42  BSR H'000472:16
  H'000D46  SUB.W R1,R1
  H'000D48  BRA H'000CB2:16
  H'000D4C  ADDS #4,ER7
  H'000D4E  POP.W R5
  H'000D50  POP.L ER4
  H'000D54  POP.L ER3
  H'000D58  POP.L ER1
  H'000D5C  RTS
  H'000D5E  PUSH.W R4
  H'000D60  PUSH.L ER5
  H'000D64  PUSH.L ER6
  H'000D68  SUBS #2,ER7
  H'000D6A  MOV.B #H'4F,R6L
  H'000D6C  BSR H'000472:16
  H'000D70  MOV.B #H'45,R6L
  H'000D72  BSR H'000472:16
  H'000D76  MOV.W #H'0001,R6
  H'000D7A  MOV.W R6,@ER7
  H'000D7C  SUB.W R4,R4
  H'000D7E  CMP.W #H'0100,R4
  H'000D82  BEQ H'000DA2
  H'000D84  MOV.W R4,R6
  H'000D86  EXTS.L ER6
  H'000D88  MOV.L @(H'0002:16,ER7),ER5
  H'000D8E  ADD.L ER5,ER6
  H'000D90  PUSH.L ER6
  H'000D94  BSR H'0004EE:16
  H'000D98  POP.L ER5
  H'000D9C  MOV.B R6L,@ER5
  H'000D9E  INC.W #1,R4
  H'000DA0  BRA H'000D7E
  H'000DA2  MOV.B #H'4F,R6L
  H'000DA4  BSR H'000472:16
  H'000DA8  ADDS #4,ER7
  H'000DAA  ADDS #2,ER7
  H'000DAC  POP.L ER5
  H'000DB0  POP.W R4
  H'000DB2  RTS
  H'000DB4  PUSH.L ER2
  H'000DB8  PUSH.L ER3
  H'000DBC  PUSH.L ER5
  H'000DC0  MOV.L ER6,ER2
  H'000DC2  MOV.B #H'4F,R6L
  H'000DC4  BSR H'000472:16
  H'000DC8  MOV.B #H'45,R6L
  H'000DCA  BSR H'000472:16
  H'000DCE  MOV.W #H'0001,R3
  H'000DD2  SUB.W E3,E3
  H'000DD4  CMP.W #H'0100,E3
  H'000DD8  BEQ H'000DFA
  H'000DDA  MOV.W E3,R6
  H'000DDC  EXTS.L ER6
  H'000DDE  MOV.L @H'FFFD10:24,ER5
  H'000DE6  ADD.L ER5,ER6
  H'000DE8  PUSH.L ER6
  H'000DEC  BSR H'0004EE:16
  H'000DF0  POP.L ER5
  H'000DF4  MOV.B R6L,@ER5
  H'000DF6  INC.W #1,E3
  H'000DF8  BRA H'000DD4
  H'000DFA  MOV.L ER2,ER6
  H'000DFC  BSR H'000922:16
  H'000E00  MOV.W #H'0100,R6
  H'000E04  PUSH.W R6
  H'000E06  PUSH.L ER2
  H'000E0A  MOV.L @H'FFFD10:24,ER6
  H'000E12  BSR H'0006C6:16
  H'000E16  ADDS #4,ER7
  H'000E18  ADDS #2,ER7
  H'000E1A  MOV.L ER2,ER6
  H'000E1C  BSR H'0009A6:16
  H'000E20  MOV.W R6,R3
  H'000E22  CMP.W #H'0001,R3
  H'000E26  BNE H'000E30
  H'000E28  MOV.B #H'4F,R6L
  H'000E2A  BSR H'000472:16
  H'000E2E  BRA H'000E36
  H'000E30  MOV.B #H'56,R6L
  H'000E32  BSR H'000472:16
  H'000E36  POP.L ER5
  H'000E3A  POP.L ER3
  H'000E3E  POP.L ER2
  H'000E42  RTS
  H'000E44  PUSH.L ER1
  H'000E48  PUSH.L ER2
  H'000E4C  PUSH.L ER4
  H'000E50  PUSH.W R5
  H'000E52  MOV.L ER6,ER4
  H'000E54  BSR H'000AFC:16
  H'000E58  SUB.B R6H,R6H
  H'000E5A  MOV.W R6,R2
  H'000E5C  CMP.W #H'0001,R2
  H'000E60  BNE H'000E6A
  H'000E62  MOV.B #H'4F,R6L
  H'000E64  BSR H'000472:16
  H'000E68  BRA H'000E70
  H'000E6A  MOV.B #H'56,R6L
  H'000E6C  BSR H'000472:16
  H'000E70  MOV.W R2,R2
  H'000E72  BEQ H'000EF6:16
  H'000E76  MOV.B #H'45,R6L
  H'000E78  BSR H'000472:16
  H'000E7C  BSR H'0004EE:16
  H'000E80  CMP.B #H'59,R6L
  H'000E82  BNE H'000EEA
  H'000E84  MOV.B #H'59,R6L
  H'000E86  BSR H'000472:16
  H'000E8A  SUB.W E2,E2
  H'000E8C  CMP.W #H'0100,E2
  H'000E90  BEQ H'000ECE
  H'000E92  BSR H'0004EE:16
  H'000E96  MOV.B R6L,R5H
  H'000E98  MOV.L ER4,ER1
  H'000E9A  AND.L #H'00FF0000,ER1
  H'000EA0  ADD.L #H'00005555,ER1
  H'000EA6  MOV.B #H'AA,R6L
  H'000EA8  MOV.B R6L,@ER1
  H'000EAA  MOV.L ER4,ER6
  H'000EAC  AND.L #H'00FF0000,ER6
  H'000EB2  ADD.L #H'00002AAA,ER6
  H'000EB8  MOV.B #H'55,R5L
  H'000EBA  MOV.B R5L,@ER6
  H'000EBC  MOV.B #H'A0,R6L
  H'000EBE  MOV.B R6L,@ER1
  H'000EC0  MOV.B R5H,@ER4
  H'000EC2  MOV.L ER4,ER6
  H'000EC4  BSR H'0009A6:16
  H'000EC8  MOV.W R6,R2
  H'000ECA  INC.W #1,E2
  H'000ECC  BRA H'000E8C
  H'000ECE  CMP.W #H'0001,R2
  H'000ED2  BNE H'000EDC
  H'000ED4  MOV.B #H'4F,R6L
  H'000ED6  BSR H'000472:16
  H'000EDA  BRA H'000EE2
  H'000EDC  MOV.B #H'56,R6L
  H'000EDE  BSR H'000472:16
  H'000EE2  ADD.L #H'00000100,ER4
  H'000EE8  BRA H'000EF2
  H'000EEA  MOV.B #H'4E,R6L
  H'000EEC  BSR H'000472:16
  H'000EF0  SUB.W R2,R2
  H'000EF2  BRA H'000E70:16
  H'000EF6  POP.W R5
  H'000EF8  POP.L ER4
  H'000EFC  POP.L ER2
  H'000F00  POP.L ER1
  H'000F04  RTS
  H'000F06  PUSH.L ER3
  H'000F0A  PUSH.L ER4
  H'000F0E  PUSH.L ER5
  H'000F12  MOV.L @(H'0010:16,ER7),ER3
  H'000F18  SUB.L ER5,ER5
  H'000F1A  MOV.L ER6,ER4
  H'000F1C  MOV.L ER3,ER6
  H'000F1E  DEC.L #1,ER3
  H'000F20  MOV.L ER6,ER6
  H'000F22  BEQ H'000F2E
  H'000F24  SUB.L ER6,ER6
  H'000F26  MOV.B @ER4,R6L
  H'000F28  ADD.L ER6,ER5
  H'000F2A  INC.L #1,ER4
  H'000F2C  BRA H'000F1C
  H'000F2E  MOV.L ER5,ER6
  H'000F30  POP.L ER5
  H'000F34  POP.L ER4
  H'000F38  POP.L ER3
  H'000F3C  RTS
  H'000F3E  PUSH.L ER3
  H'000F42  PUSH.W R4
  H'000F44  PUSH.W R5
  H'000F46  PUSH.W E6
  H'000F48  BSR H'00044C:16
  H'000F4C  MOV.B R6L,R4L
  H'000F4E  SUB.B R4L,R4L
  H'000F50  SUB.L ER3,ER3
  H'000F52  CMP.L #H'000001F4,ER3
  H'000F58  BEQ H'000FAC
  H'000F5A  MOV.W #H'0001,R6
  H'000F5E  BSR H'000426:16
  H'000F62  BSR H'000524:16
  H'000F66  MOV.W R6,R6
  H'000F68  BEQ H'000FA8
  H'000F6A  SUB.L ER6,ER6
  H'000F6C  MOV.B R4L,R6L
  H'000F6E  MOV.B @(H'00229D:24,ER6),R6L
  H'000F76  PUSH.W R6
  H'000F78  BSR H'00044C:16
  H'000F7C  POP.W R5
  H'000F7E  CMP.W R6,R5
  H'000F80  BNE H'000FA0
  H'000F82  SUB.L ER6,ER6
  H'000F84  MOV.B R4L,R6L
  H'000F86  MOV.B @(H'00229D:24,ER6),R6L
  H'000F8E  BSR H'000472:16
  H'000F92  INC.B R4L
  H'000F94  CMP.B #H'02,R4L
  H'000F96  BNE H'000F9E
  H'000F98  MOV.W #H'0001,R6
  H'000F9C  BRA H'000FAE
  H'000F9E  BRA H'000FA8
  H'000FA0  MOV.B #H'51,R6L
  H'000FA2  BSR H'000472:16
  H'000FA6  SUB.B R4L,R4L
  H'000FA8  INC.L #1,ER3
  H'000FAA  BRA H'000F52
  H'000FAC  SUB.W R6,R6
  H'000FAE  POP.W E6
  H'000FB0  POP.W R5
  H'000FB2  POP.W R4
  H'000FB4  POP.L ER3
  H'000FB8  RTS
  H'000FBA  PUSH.W R4
  H'000FBC  PUSH.L ER5
  H'000FC0  PUSH.L ER6
  H'000FC4  BSR H'00053E:16
  H'000FC8  MOV.W R6,R6
  H'000FCA  BNE H'000FD0
  H'000FCC  BRA H'001F50:16
  H'000FD0  BSR H'00049A:16
  H'000FD4  CMP.W #H'0001,R6
  H'000FD8  BNE H'001F50:16
  H'000FDC  MOV.B @H'FFFD1E:24,R6L
  H'000FE2  CMP.B #H'F6,R6L
  H'000FE4  BHI H'001F48:16
  H'000FE8  EXTU.W R6
  H'000FEA  EXTU.L ER6
  H'000FEC  ADD.L ER6,ER6
  H'000FEE  ADD.L ER6,ER6
  H'000FF0  MOV.L @(H'000FFC:24,ER6),ER6
  H'000FFA  JMP @ER6
  H'000FFC  NOP
  H'000FFE  .WORD H'13D8
  H'001000  NOP
  H'001002  XOR.B R0L,R2H
  H'001004  NOP
  H'001006  XOR.B R0L,R2H
  H'001008  NOP
  H'00100A  XOR.B R0L,R2H
  H'00100C  NOP
  H'00100E  XOR.B R0L,R2H
  H'001010  NOP
  H'001012  XOR.B R0L,R2H
  H'001014  NOP
  H'001016  XOR.B R0L,R2H
  H'001018  NOP
  H'00101A  XOR.B R3L,R0L
  H'00101C  NOP
  H'00101E  AND.B R0H,R0H
  H'001020  NOP
  H'001022  AND.B R6H,R4L
  H'001024  NOP
  H'001026  AND.B R6H,R4L
  H'001028  NOP
  H'00102A  AND.B R6H,R4L
  H'00102C  NOP
  H'00102E  AND.B R6H,R4L
  H'001030  NOP
  H'001032  AND.B R6H,R4L
  H'001034  NOP
  H'001036  AND.B R6H,R4L
  H'001038  NOP
  H'00103A  AND.B R2L,R2H
  H'00103C  NOP
  H'00103E  AND.B R2L,R2H
  H'001040  NOP
  H'001042  AND.B R4L,R4L
  H'001044  NOP
  H'001046  .WORD H'172A
  H'001048  NOP
  H'00104A  .WORD H'173C
  H'00104C  NOP
  H'00104E  .WORD H'174E
  H'001050  NOP
  H'001052  .WORD H'1F48
  H'001054  NOP
  H'001056  .WORD H'1F48
  H'001058  NOP
  H'00105A  .WORD H'1F48
  H'00105C  NOP
  H'00105E  .WORD H'1F48
  H'001060  NOP
  H'001062  .WORD H'1F48
  H'001064  NOP
  H'001066  .WORD H'1F48
  H'001068  NOP
  H'00106A  .WORD H'1F48
  H'00106C  NOP
  H'00106E  .WORD H'1F48
  H'001070  NOP
  H'001072  .WORD H'1F48
  H'001074  NOP
  H'001076  .WORD H'1F48
  H'001078  NOP
  H'00107A  .WORD H'1F48
  H'00107C  NOP
  H'00107E  .WORD H'1F48
  H'001080  NOP
  H'001082  .WORD H'1F48
  H'001084  NOP
  H'001086  .WORD H'1F48
  H'001088  NOP
  H'00108A  .WORD H'1F48
  H'00108C  NOP
  H'00108E  .WORD H'1F48
  H'001090  NOP
  H'001092  .WORD H'1F48
  H'001094  NOP
  H'001096  .WORD H'1F48
  H'001098  NOP
  H'00109A  .WORD H'1F48
  H'00109C  NOP
  H'00109E  .WORD H'1760
  H'0010A0  NOP
  H'0010A2  .WORD H'1760
  H'0010A4  NOP
  H'0010A6  NEG.B R2L
  H'0010A8  NOP
  H'0010AA  .WORD H'1F48
  H'0010AC  NOP
  H'0010AE  .WORD H'1F48
  H'0010B0  NOP
  H'0010B2  .WORD H'1F48
  H'0010B4  NOP
  H'0010B6  .WORD H'1F48
  H'0010B8  NOP
  H'0010BA  .WORD H'1F48
  H'0010BC  NOP
  H'0010BE  .WORD H'1F48
  H'0010C0  NOP
  H'0010C2  .WORD H'1F48
  H'0010C4  NOP
  H'0010C6  .WORD H'17C6
  H'0010C8  NOP
  H'0010CA  .WORD H'17E4
  H'0010CC  NOP
  H'0010CE  .WORD H'1F48
  H'0010D0  NOP
  H'0010D2  .WORD H'1F48
  H'0010D4  NOP
  H'0010D6  .WORD H'1F48
  H'0010D8  NOP
  H'0010DA  .WORD H'1F48
  H'0010DC  NOP
  H'0010DE  .WORD H'1F48
  H'0010E0  NOP
  H'0010E2  .WORD H'1F48
  H'0010E4  NOP
  H'0010E6  .WORD H'1F48
  H'0010E8  NOP
  H'0010EA  .WORD H'1F48
  H'0010EC  NOP
  H'0010EE  .WORD H'17FA
  H'0010F0  NOP
  H'0010F2  .WORD H'1F48
  H'0010F4  NOP
  H'0010F6  .WORD H'1F48
  H'0010F8  NOP
  H'0010FA  .WORD H'1F48
  H'0010FC  NOP
  H'0010FE  .WORD H'1F48
  H'001100  NOP
  H'001102  .WORD H'1F48
  H'001104  NOP
  H'001106  .WORD H'1F48
  H'001108  NOP
  H'00110A  .WORD H'1F48
  H'00110C  NOP
  H'00110E  .WORD H'1F48
  H'001110  NOP
  H'001112  .WORD H'1F48
  H'001114  NOP
  H'001116  SUB.B R0H,R6L
  H'001118  NOP
  H'00111A  .WORD H'1F48
  H'00111C  NOP
  H'00111E  .WORD H'1F48
  H'001120  NOP
  H'001122  .WORD H'1F48
  H'001124  NOP
  H'001126  .WORD H'1F48
  H'001128  NOP
  H'00112A  .WORD H'1F48
  H'00112C  NOP
  H'00112E  .WORD H'1F48
  H'001130  NOP
  H'001132  .WORD H'1F48
  H'001134  NOP
  H'001136  .WORD H'1F48
  H'001138  NOP
  H'00113A  .WORD H'1F48
  H'00113C  NOP
  H'00113E  SUB.B R2H,R0H
  H'001140  NOP
  H'001142  .WORD H'1F48
  H'001144  NOP
  H'001146  .WORD H'1F48
  H'001148  NOP
  H'00114A  .WORD H'1F48
  H'00114C  NOP
  H'00114E  .WORD H'1F48
  H'001150  NOP
  H'001152  .WORD H'1F48
  H'001154  NOP
  H'001156  .WORD H'1F48
  H'001158  NOP
  H'00115A  .WORD H'1F48
  H'00115C  NOP
  H'00115E  .WORD H'1F48
  H'001160  NOP
  H'001162  .WORD H'1F48
  H'001164  NOP
  H'001166  SUB.B R4H,R2L
  H'001168  NOP
  H'00116A  .WORD H'1F48
  H'00116C  NOP
  H'00116E  .WORD H'1F48
  H'001170  NOP
  H'001172  .WORD H'1F48
  H'001174  NOP
  H'001176  .WORD H'1F48
  H'001178  NOP
  H'00117A  .WORD H'1F48
  H'00117C  NOP
  H'00117E  .WORD H'1F48
  H'001180  NOP
  H'001182  .WORD H'1F48
  H'001184  NOP
  H'001186  .WORD H'1F48
  H'001188  NOP
  H'00118A  .WORD H'1F48
  H'00118C  NOP
  H'00118E  SUB.B R0L,R4L
  H'001190  NOP
  H'001192  SUB.B R0L,R4L
  H'001194  NOP
  H'001196  SUB.B R4L,R2H
  H'001198  NOP
  H'00119A  .WORD H'1F48
  H'00119C  NOP
  H'00119E  .WORD H'1F48
  H'0011A0  NOP
  H'0011A2  .WORD H'1F48
  H'0011A4  NOP
  H'0011A6  .WORD H'1F48
  H'0011A8  NOP
  H'0011AA  .WORD H'1F48
  H'0011AC  NOP
  H'0011AE  .WORD H'1F48
  H'0011B0  NOP
  H'0011B2  .WORD H'1F48
  H'0011B4  NOP
  H'0011B6  SUB.W R4,R6
  H'0011B8  NOP
  H'0011BA  SUB.W R4,R6
  H'0011BC  NOP
  H'0011BE  SUB.W R4,R6
  H'0011C0  NOP
  H'0011C2  SUB.W R4,R6
  H'0011C4  NOP
  H'0011C6  SUB.W R7,E4
  H'0011C8  NOP
  H'0011CA  .WORD H'1F48
  H'0011CC  NOP
  H'0011CE  .WORD H'1F48
  H'0011D0  NOP
  H'0011D2  .WORD H'1F48
  H'0011D4  NOP
  H'0011D6  .WORD H'1F48
  H'0011D8  NOP
  H'0011DA  .WORD H'1F48
  H'0011DC  NOP
  H'0011DE  .WORD H'1F48
  H'0011E0  NOP
  H'0011E2  SUB.W E5,E0
  H'0011E4  NOP
  H'0011E6  SUB.W E5,E0
  H'0011E8  NOP
  H'0011EA  SUB.W E5,E0
  H'0011EC  NOP
  H'0011EE  SUB.W E5,E0
  H'0011F0  NOP
  H'0011F2  SUB.W E5,E0
  H'0011F4  NOP
  H'0011F6  SUB.W E5,E0
  H'0011F8  NOP
  H'0011FA  DEC.B R6L
  H'0011FC  NOP
  H'0011FE  DEC.B R6L
  H'001200  NOP
  H'001202  .WORD H'1A38
  H'001204  NOP
  H'001206  .WORD H'1F48
  H'001208  NOP
  H'00120A  .WORD H'1F48
  H'00120C  NOP
  H'00120E  .WORD H'1F48
  H'001210  NOP
  H'001212  .WORD H'1F48
  H'001214  NOP
  H'001216  .WORD H'1F48
  H'001218  NOP
  H'00121A  .WORD H'1F48
  H'00121C  NOP
  H'00121E  .WORD H'1F48
  H'001220  NOP
  H'001222  .WORD H'1F48
  H'001224  NOP
  H'001226  .WORD H'1F48
  H'001228  NOP
  H'00122A  .WORD H'1F48
  H'00122C  NOP
  H'00122E  .WORD H'1AAE
  H'001230  NOP
  H'001232  .WORD H'1AAE
  H'001234  NOP
  H'001236  .WORD H'1AAE
  H'001238  NOP
  H'00123A  .WORD H'1AAE
  H'00123C  NOP
  H'00123E  .WORD H'1AAE
  H'001240  NOP
  H'001242  .WORD H'1AAE
  H'001244  NOP
  H'001246  SUB.L ER6,ER4
  H'001248  NOP
  H'00124A  .WORD H'1B24
  H'00124C  NOP
  H'00124E  .WORD H'1B24
  H'001250  NOP
  H'001252  .WORD H'1B4E
  H'001254  NOP
  H'001256  .WORD H'1BB4
  H'001258  NOP
  H'00125A  .WORD H'1F48
  H'00125C  NOP
  H'00125E  .WORD H'1F48
  H'001260  NOP
  H'001262  .WORD H'1F48
  H'001264  NOP
  H'001266  .WORD H'1F48
  H'001268  NOP
  H'00126A  .WORD H'1F48
  H'00126C  NOP
  H'00126E  .WORD H'1F48
  H'001270  NOP
  H'001272  .WORD H'1F48
  H'001274  NOP
  H'001276  .WORD H'1F48
  H'001278  NOP
  H'00127A  .WORD H'1F48
  H'00127C  NOP
  H'00127E  SUBX R3L,R6H
  H'001280  NOP
  H'001282  .WORD H'1F48
  H'001284  NOP
  H'001286  .WORD H'1F48
  H'001288  NOP
  H'00128A  .WORD H'1F48
  H'00128C  NOP
  H'00128E  .WORD H'1F48
  H'001290  NOP
  H'001292  .WORD H'1F48
  H'001294  NOP
  H'001296  .WORD H'1F48
  H'001298  NOP
  H'00129A  .WORD H'1F48
  H'00129C  NOP
  H'00129E  .WORD H'1F48
  H'0012A0  NOP
  H'0012A2  .WORD H'1F48
  H'0012A4  NOP
  H'0012A6  .WORD H'1F48
  H'0012A8  NOP
  H'0012AA  .WORD H'1F48
  H'0012AC  NOP
  H'0012AE  .WORD H'1F48
  H'0012B0  NOP
  H'0012B2  .WORD H'1F48
  H'0012B4  NOP
  H'0012B6  .WORD H'1F48
  H'0012B8  NOP
  H'0012BA  .WORD H'1F48
  H'0012BC  NOP
  H'0012BE  .WORD H'1F48
  H'0012C0  NOP
  H'0012C2  .WORD H'1F48
  H'0012C4  NOP
  H'0012C6  .WORD H'1F48
  H'0012C8  NOP
  H'0012CA  .WORD H'1F48
  H'0012CC  NOP
  H'0012CE  DEC.W #2,R6
  H'0012D0  NOP
  H'0012D2  .WORD H'1F48
  H'0012D4  NOP
  H'0012D6  .WORD H'1F48
  H'0012D8  NOP
  H'0012DA  .WORD H'1F48
  H'0012DC  NOP
  H'0012DE  .WORD H'1F48
  H'0012E0  NOP
  H'0012E2  .WORD H'1F48
  H'0012E4  NOP
  H'0012E6  .WORD H'1F48
  H'0012E8  NOP
  H'0012EA  .WORD H'1F48
  H'0012EC  NOP
  H'0012EE  .WORD H'1F48
  H'0012F0  NOP
  H'0012F2  .WORD H'1F48
  H'0012F4  NOP
  H'0012F6  CMP.B R0H,R6L
  H'0012F8  NOP
  H'0012FA  CMP.B R3H,R4L
  H'0012FC  NOP
  H'0012FE  CMP.B R6H,R2L
  H'001300  NOP
  H'001302  .WORD H'1F48
  H'001304  NOP
  H'001306  .WORD H'1F48
  H'001308  NOP
  H'00130A  .WORD H'1F48
  H'00130C  NOP
  H'00130E  .WORD H'1F48
  H'001310  NOP
  H'001312  .WORD H'1F48
  H'001314  NOP
  H'001316  .WORD H'1F48
  H'001318  NOP
  H'00131A  .WORD H'1F48
  H'00131C  NOP
  H'00131E  CMP.B R2L,R2L
  H'001320  NOP
  H'001322  CMP.B R2L,R2L
  H'001324  NOP
  H'001326  CMP.B R2L,R2L
  H'001328  NOP
  H'00132A  CMP.B R2L,R2L
  H'00132C  NOP
  H'00132E  CMP.B R2L,R2L
  H'001330  NOP
  H'001332  CMP.B R2L,R2L
  H'001334  NOP
  H'001336  CMP.B R6L,R0H
  H'001338  NOP
  H'00133A  CMP.W R0,E2
  H'00133C  NOP
  H'00133E  CMP.W R0,E2
  H'001340  NOP
  H'001342  CMP.W R0,E2
  H'001344  NOP
  H'001346  CMP.W R0,E2
  H'001348  NOP
  H'00134A  CMP.W R0,E2
  H'00134C  NOP
  H'00134E  CMP.W R0,E2
  H'001350  NOP
  H'001352  CMP.W R4,R0
  H'001354  NOP
  H'001356  CMP.W E2,R4
  H'001358  NOP
  H'00135A  CMP.W E4,E4
  H'00135C  NOP
  H'00135E  CMP.W E7,R4
  H'001360  NOP
  H'001362  SUBX R1H,R4L
  H'001364  NOP
  H'001366  SUBX R3H,R4L
  H'001368  NOP
  H'00136A  SUBX R6H,R0H
  H'00136C  NOP
  H'00136E  SUBX R7H,R0L
  H'001370  NOP
  H'001372  SUBX R2L,R0H
  H'001374  NOP
  H'001376  .WORD H'1F48
  H'001378  NOP
  H'00137A  .WORD H'1F48
  H'00137C  NOP
  H'00137E  .WORD H'1F48
  H'001380  NOP
  H'001382  .WORD H'1F48
  H'001384  NOP
  H'001386  .WORD H'1F48
  H'001388  NOP
  H'00138A  .WORD H'1F48
  H'00138C  NOP
  H'00138E  .WORD H'1F48
  H'001390  NOP
  H'001392  .WORD H'1F48
  H'001394  NOP
  H'001396  SUBX R4L,R6H
  H'001398  NOP
  H'00139A  .WORD H'1F48
  H'00139C  NOP
  H'00139E  .WORD H'1F48
  H'0013A0  NOP
  H'0013A2  .WORD H'1F48
  H'0013A4  NOP
  H'0013A6  .WORD H'1F48
  H'0013A8  NOP
  H'0013AA  .WORD H'1F48
  H'0013AC  NOP
  H'0013AE  .WORD H'1F48
  H'0013B0  NOP
  H'0013B2  .WORD H'1F48
  H'0013B4  NOP
  H'0013B6  .WORD H'1F48
  H'0013B8  NOP
  H'0013BA  .WORD H'1F48
  H'0013BC  NOP
  H'0013BE  SUBX R5L,R0L
  H'0013C0  NOP
  H'0013C2  SUBX R5L,R0L
  H'0013C4  NOP
  H'0013C6  SUBX R5L,R0L
  H'0013C8  NOP
  H'0013CA  SUBX R5L,R0L
  H'0013CC  NOP
  H'0013CE  SUBX R5L,R0L
  H'0013D0  NOP
  H'0013D2  SUBX R5L,R0L
  H'0013D4  NOP
  H'0013D6  DAS R4L
  H'0013D8  BSR H'000524:16
  H'0013DC  MOV.W R6,R6
  H'0013DE  BEQ H'00157E:16
  H'0013E2  BSR H'00044C:16
  H'0013E6  MOV.B R6L,R4H
  H'0013E8  SUB.L ER5,ER5
  H'0013EA  MOV.B #H'26,R5L
  H'0013EC  MOV.L #H'0000140F,ER6
  H'0013F2  MOV.B @ER6+,R4L
  H'0013F4  CMP.B R4H,R4L
  H'0013F6  BEQ H'001400
  H'0013F8  DEC.L #2,ER5
  H'0013FA  BNE H'0013F2
  H'0013FC  BRA H'001566:16
  H'001400  ADD.L ER5,ER5
  H'001402  MOV.L @(H'00141E:24,ER5),ER5
  H'00140C  JMP @ER5
  H'00140E  .WORD H'0047
  H'001410  BVC H'00145B
  H'001412  BPL H'00145F
  H'001414  BGE H'001463
  H'001416  BGT H'001468
  H'001418  MULXU.W R5,ER3
  H'00141A  .WORD H'5456
  H'00141C  .WORD H'5758
  H'00141E  .WORD H'595A
  H'001420  BCLR #7,R7H
  H'001422  NOP
  H'001424  OR.B R1L,R4H
  H'001426  NOP
  H'001428  OR.B R0L,R2H
  H'00142A  NOP
  H'00142C  XOR.B R0H,R2H
  H'00142E  NOP
  H'001430  XOR.B R0H,R4L
  H'001432  NOP
  H'001434  OR.B R6L,R2L
  H'001436  NOP
  H'001438  OR.B R2L,R0L
  H'00143A  NOP
  H'00143C  OR.B R5L,R4H
  H'00143E  NOP
  H'001440  XOR.B R1H,R6H
  H'001442  NOP
  H'001444  XOR.B R5H,R2H
  H'001446  NOP
  H'001448  OR.B R6H,R6L
  H'00144A  NOP
  H'00144C  OR.B R3L,R4L
  H'00144E  NOP
  H'001450  OR.B R6L,R0H
  H'001452  NOP
  H'001454  XOR.B R2H,R0H
  H'001456  NOP
  H'001458  XOR.B R3H,R4H
  H'00145A  NOP
  H'00145C  OR.B R7L,R4H
  H'00145E  NOP
  H'001460  OR.B R4L,R0L
  H'001462  NOP
  H'001464  OR.B R7L,R0L
  H'001466  NOP
  H'001468  XOR.B R2H,R2L
  H'00146A  NOP
  H'00146C  XOR.B R4H,R0L
  H'00146E  MOV.B #H'01,R6L
  H'001470  MOV.B R6L,@H'FFFD1E:24
  H'001476  MOV.B #H'20,R6L
  H'001478  MOV.B R6L,@H'FFFD1F:24
  H'00147E  BRA H'001568:16
  H'001482  MOV.B #H'01,R6L
  H'001484  MOV.B R6L,@H'FFFD1E:24
  H'00148A  MOV.B R6L,@H'FFFD1F:24
  H'001490  BRA H'001568:16
  H'001494  MOV.B #H'09,R6L
  H'001496  MOV.B R6L,@H'FFFD1E:24
  H'00149C  MOV.B #H'01,R6L
  H'00149E  MOV.B R6L,@H'FFFD1F:24
  H'0014A4  BRA H'001568:16
  H'0014A8  MOV.B #H'09,R6L
  H'0014AA  MOV.B R6L,@H'FFFD1E:24
  H'0014B0  MOV.B #H'FF,R6L
  H'0014B2  MOV.B R6L,@H'FFFD1F:24
  H'0014B8  BRA H'001568:16
  H'0014BC  MOV.B #H'5A,R6L
  H'0014BE  MOV.B R6L,@H'FFFD1E:24
  H'0014C4  BRA H'001568:16
  H'0014C8  MOV.B #H'28,R6L
  H'0014CA  MOV.B R6L,@H'FFFD1E:24
  H'0014D0  BRA H'001568:16
  H'0014D4  MOV.B #H'32,R6L
  H'0014D6  MOV.B R6L,@H'FFFD1E:24
  H'0014DC  BRA H'001568:16
  H'0014E0  MOV.B #H'F0,R6L
  H'0014E2  MOV.B R6L,@H'FFFD1E:24
  H'0014E8  BRA H'001568
  H'0014EA  MOV.B #H'3C,R6L
  H'0014EC  MOV.B R6L,@H'FFFD1E:24
  H'0014F2  BRA H'001568
  H'0014F4  MOV.B #H'4F,R4H
  H'0014F6  BRA H'001568
  H'0014F8  MOV.B #H'50,R6L
  H'0014FA  MOV.B R6L,@H'FFFD1E:24
  H'001500  BRA H'001568
  H'001502  MOV.B #H'79,R6L
  H'001504  MOV.B R6L,@H'FFFD1E:24
  H'00150A  BRA H'001568
  H'00150C  MOV.B #H'B4,R6L
  H'00150E  MOV.B R6L,@H'FFFD1E:24
  H'001514  BRA H'001568
  H'001516  MOV.B #H'BE,R6L
  H'001518  MOV.B R6L,@H'FFFD1E:24
  H'00151E  BRA H'001568
  H'001520  MOV.B #H'8C,R6L
  H'001522  MOV.B R6L,@H'FFFD1E:24
  H'001528  BRA H'001568
  H'00152A  MOV.B #H'E6,R6L
  H'00152C  MOV.B R6L,@H'FFFD1E:24
  H'001532  BRA H'001568
  H'001534  MOV.B #H'C8,R6L
  H'001536  MOV.B R6L,@H'FFFD1E:24
  H'00153C  SUB.L ER6,ER6
  H'00153E  MOV.L ER6,@H'FFFD14:24
  H'001546  BRA H'001568
  H'001548  MOV.B #H'A0,R6L
  H'00154A  MOV.B R6L,@H'FFFD1E:24
  H'001550  BRA H'001568
  H'001552  MOV.B #H'53,R6L
  H'001554  BSR H'000472:16
  H'001558  MOV.W #H'000A,R6
  H'00155C  BSR H'000426:16
  H'001560  JSR @H'000412:24
  H'001564  BRA H'001568
  H'001566  MOV.B #H'51,R4H
  H'001568  MOV.B R4H,R6L
  H'00156A  BSR H'000472:16
  H'00156E  SUB.L ER6,ER6
  H'001570  MOV.L ER6,@H'FFFD14:24
  H'001578  MOV.B R6L,@H'FFFD20:24
  H'00157E  BRA H'001F50:16
  H'001582  BSR H'000524:16
  H'001586  MOV.W R6,R6
  H'001588  BEQ H'0015B4
  H'00158A  MOV.L @H'FFFD14:24,ER6
  H'001592  SHLL.L ER6
  H'001594  SHLL.L ER6
  H'001596  SHLL.L ER6
  H'001598  SHLL.L ER6
  H'00159A  PUSH.L ER6
  H'00159E  BSR H'000558:16
  H'0015A2  SUB.B R6H,R6H
  H'0015A4  EXTU.L ER6
  H'0015A6  POP.L ER5
  H'0015AA  ADD.L ER6,ER5
  H'0015AC  MOV.L ER5,@H'FFFD14:24
  H'0015B4  BRA H'001F50:16
  H'0015B8  MOV.L @H'FFFD14:24,ER6
  H'0015C0  CMP.L #H'00204000,ER6
  H'0015C6  BCS H'0015DA
  H'0015C8  CMP.L #H'00208000,ER6
  H'0015CE  BCC H'0015DA
  H'0015D0  MOV.B #H'FF,R6L
  H'0015D2  MOV.B R6L,@H'FFFD20:24
  H'0015D8  BRA H'0015E2
  H'0015DA  MOV.B @ER6,R5L
  H'0015DC  MOV.B R5L,@H'FFFD20:24
  H'0015E2  MOV.B @H'FFFD20:24,R6L
  H'0015E8  SHLR.B R6L
  H'0015EA  SHLR.B R6L
  H'0015EC  SHLR.B R6L
  H'0015EE  SHLR.B R6L
  H'0015F0  BSR H'0005EE:16
  H'0015F4  MOV.B #H'08,R6L
  H'0015F6  MOV.B R6L,@H'FFFD1E:24
  H'0015FC  BRA H'001F50:16
  H'001600  MOV.L @H'FFFD14:24,ER6
  H'001608  CMP.L #H'00204000,ER6
  H'00160E  BCS H'001622
  H'001610  CMP.L #H'00208000,ER6
  H'001616  BCC H'001622
  H'001618  MOV.B #H'FF,R6L
  H'00161A  MOV.B R6L,@H'FFFD20:24
  H'001620  BRA H'00162A
  H'001622  MOV.B @ER6,R5L
  H'001624  MOV.B R5L,@H'FFFD20:24
  H'00162A  MOV.B @H'FFFD20:24,R6L
  H'001630  BSR H'0005EE:16
  H'001634  MOV.L @H'FFFD14:24,ER6
  H'00163C  INC.L #1,ER6
  H'00163E  MOV.L ER6,@H'FFFD14:24
  H'001646  MOV.B @H'FFFD1F:24,R6L
  H'00164C  DEC.B R6L
  H'00164E  MOV.B R6L,@H'FFFD1F:24
  H'001654  BEQ H'001660
  H'001656  MOV.B #H'07,R6L
  H'001658  MOV.B R6L,@H'FFFD1E:24
  H'00165E  BRA H'001668
  H'001660  MOV.B #H'12,R6L
  H'001662  MOV.B R6L,@H'FFFD1E:24
  H'001668  BRA H'001F50:16
  H'00166C  BSR H'000524:16
  H'001670  MOV.W R6,R6
  H'001672  BEQ H'00169E
  H'001674  MOV.L @H'FFFD14:24,ER6
  H'00167C  SHLL.L ER6
  H'00167E  SHLL.L ER6
  H'001680  SHLL.L ER6
  H'001682  SHLL.L ER6
  H'001684  PUSH.L ER6
  H'001688  BSR H'000558:16
  H'00168C  SUB.B R6H,R6H
  H'00168E  EXTU.L ER6
  H'001690  POP.L ER5
  H'001694  ADD.L ER6,ER5
  H'001696  MOV.L ER5,@H'FFFD14:24
  H'00169E  BRA H'001F50:16
  H'0016A2  BSR H'000524:16
  H'0016A6  MOV.W R6,R6
  H'0016A8  BEQ H'0016C8
  H'0016AA  MOV.B @H'FFFD20:24,R6L
  H'0016B0  SHLL.B R6L
  H'0016B2  SHLL.B R6L
  H'0016B4  SHLL.B R6L
  H'0016B6  SHLL.B R6L
  H'0016B8  PUSH.W R6
  H'0016BA  BSR H'000558:16
  H'0016BE  POP.W R5
  H'0016C0  ADD.B R6L,R5L
  H'0016C2  MOV.B R5L,@H'FFFD20:24
  H'0016C8  BRA H'001F50:16
  H'0016CC  MOV.B #H'13,R6L
  H'0016CE  MOV.B R6L,@H'FFFD1E:24
  H'0016D4  MOV.L @H'FFFD14:24,ER6
  H'0016DC  MOV.B @H'FFFD20:24,R5L
  H'0016E2  MOV.B R5L,@ER6
  H'0016E4  MOV.L @H'FFFD14:24,ER6
  H'0016EC  MOV.B @ER6,R5H
  H'0016EE  CMP.B R5L,R5H
  H'0016F0  BNE H'0016FA
  H'0016F2  MOV.B #H'12,R6L
  H'0016F4  MOV.B R6L,@H'FFFD1E:24
  H'0016FA  MOV.B @H'FFFD1F:24,R6L
  H'001700  CMP.B #H'FF,R6L
  H'001702  BNE H'001726
  H'001704  MOV.L @H'FFFD14:24,ER6
  H'00170C  INC.L #1,ER6
  H'00170E  MOV.L ER6,@H'FFFD14:24
  H'001716  SUB.B R6L,R6L
  H'001718  MOV.B R6L,@H'FFFD20:24
  H'00171E  MOV.B #H'0F,R6L
  H'001720  MOV.B R6L,@H'FFFD1E:24
  H'001726  BRA H'001F50:16
  H'00172A  MOV.B #H'4F,R6L
  H'00172C  BSR H'000472:16
  H'001730  SUB.B R6L,R6L
  H'001732  MOV.B R6L,@H'FFFD1E:24
  H'001738  BRA H'001F50:16
  H'00173C  MOV.B #H'4E,R6L
  H'00173E  BSR H'000472:16
  H'001742  SUB.B R6L,R6L
  H'001744  MOV.B R6L,@H'FFFD1E:24
  H'00174A  BRA H'001F50:16
  H'00174E  MOV.B #H'56,R6L
  H'001750  BSR H'000472:16
  H'001754  SUB.B R6L,R6L
  H'001756  MOV.B R6L,@H'FFFD1E:24
  H'00175C  BRA H'001F50:16
  H'001760  BSR H'000524:16
  H'001764  MOV.W R6,R6
  H'001766  BEQ H'001786
  H'001768  MOV.B @H'FFFD20:24,R6L
  H'00176E  SHLL.B R6L
  H'001770  SHLL.B R6L
  H'001772  SHLL.B R6L
  H'001774  SHLL.B R6L
  H'001776  PUSH.W R6
  H'001778  BSR H'000558:16
  H'00177C  POP.W R5
  H'00177E  ADD.B R6L,R5L
  H'001780  MOV.B R5L,@H'FFFD20:24
  H'001786  BRA H'001F50:16
  H'00178A  MOV.B @H'FFFD20:24,R6L
  H'001790  BSR H'00064E:16
  H'001794  MOV.W #H'01F4,R6
  H'001798  BSR H'000426:16
  H'00179C  BSR H'00063C:16
  H'0017A0  BSR H'000F3E:16
  H'0017A4  MOV.W R6,R6
  H'0017A6  BNE H'0017BA
  H'0017A8  MOV.B #H'11,R6L
  H'0017AA  BSR H'00064E:16
  H'0017AE  BSR H'00063C:16
  H'0017B2  BSR H'000F3E:16
  H'0017B6  MOV.W R6,R6
  H'0017B8  BEQ H'0017AE
  H'0017BA  SUB.B R6L,R6L
  H'0017BC  MOV.B R6L,@H'FFFD1E:24
  H'0017C2  BRA H'001F50:16
  H'0017C6  MOV.B @H'002266:24,R6L
  H'0017CC  SHLR.B R6L
  H'0017CE  SHLR.B R6L
  H'0017D0  SHLR.B R6L
  H'0017D2  SHLR.B R6L
  H'0017D4  BSR H'0005EE:16
  H'0017D8  MOV.B #H'33,R6L
  H'0017DA  MOV.B R6L,@H'FFFD1E:24
  H'0017E0  BRA H'001F50:16
  H'0017E4  MOV.B @H'002266:24,R6L
  H'0017EA  BSR H'0005EE:16
  H'0017EE  SUB.B R6L,R6L
  H'0017F0  MOV.B R6L,@H'FFFD1E:24
  H'0017F6  BRA H'001F50:16
  H'0017FA  JSR @H'00040A:24
  H'0017FE  MOV.W #H'000A,R6
  H'001802  BSR H'000426:16
  H'001806  JSR @H'000400:24
  H'00180A  BRA H'001F50:16
  H'00180E  MOV.B #H'4F,R6L
  H'001810  BSR H'000472:16
  H'001814  SUB.B R6L,R6L
  H'001816  MOV.B R6L,@H'FFFD1E:24
  H'00181C  BRA H'001F50:16
  H'001820  MOV.L #H'0000226B,ER6
  H'001826  BSR H'00060A:16
  H'00182A  MOV.L #H'00002282,ER6
  H'001830  BSR H'00060A:16
  H'001834  MOV.L #H'00002295,ER6
  H'00183A  BSR H'00060A:16
  H'00183E  SUB.B R6L,R6L
  H'001840  MOV.B R6L,@H'FFFD1E:24
  H'001846  BRA H'001F50:16
  H'00184A  BSR H'000524:16
  H'00184E  MOV.W R6,R6
  H'001850  BEQ H'001888
  H'001852  BSR H'00044C:16
  H'001856  MOV.B R6L,R4H
  H'001858  CMP.B #H'42,R4H
  H'00185A  BNE H'00186C
  H'00185C  MOV.B #H'42,R6L
  H'00185E  BSR H'000472:16
  H'001862  MOV.B #H'64,R6L
  H'001864  MOV.B R6L,@H'FFFD1E:24
  H'00186A  BRA H'001888
  H'00186C  CMP.B #H'53,R4H
  H'00186E  BNE H'001880
  H'001870  MOV.B #H'53,R6L
  H'001872  BSR H'000472:16
  H'001876  MOV.B #H'6E,R6L
  H'001878  MOV.B R6L,@H'FFFD1E:24
  H'00187E  BRA H'001888
  H'001880  MOV.B #H'13,R6L
  H'001882  MOV.B R6L,@H'FFFD1E:24
  H'001888  BRA H'001F50:16
  H'00188C  BSR H'000524:16
  H'001890  MOV.W R6,R6
  H'001892  BEQ H'0018BE
  H'001894  MOV.L @H'FFFD14:24,ER6
  H'00189C  SHLL.L ER6
  H'00189E  SHLL.L ER6
  H'0018A0  SHLL.L ER6
  H'0018A2  SHLL.L ER6
  H'0018A4  PUSH.L ER6
  H'0018A8  BSR H'000558:16
  H'0018AC  SUB.B R6H,R6H
  H'0018AE  EXTU.L ER6
  H'0018B0  POP.L ER5
  H'0018B4  ADD.L ER6,ER5
  H'0018B6  MOV.L ER5,@H'FFFD14:24
  H'0018BE  BRA H'001F50:16
  H'0018C2  MOV.L @H'FFFD14:24,ER6
  H'0018CA  MOV.W R6,E6
  H'0018CC  SUB.W R6,R6
  H'0018CE  MOV.L ER6,@H'FFFD14:24
  H'0018D6  BSR H'00070A:16
  H'0018DA  CMP.B #H'00,R6L
  H'0018DC  BNE H'0018E8
  H'0018DE  MOV.B #H'14,R6L
  H'0018E0  MOV.B R6L,@H'FFFD1E:24
  H'0018E6  BRA H'001942
  H'0018E8  CMP.B #H'01,R6L
  H'0018EA  BNE H'001902
  H'0018EC  MOV.L @H'FFFD14:24,ER6
  H'0018F4  BSR H'000B4C:16
  H'0018F8  SUB.B R6L,R6L
  H'0018FA  MOV.B R6L,@H'FFFD1E:24
  H'001900  BRA H'001942
  H'001902  CMP.B #H'06,R6L
  H'001904  BCS H'001920
  H'001906  CMP.B #H'09,R6L
  H'001908  BHI H'001920
  H'00190A  MOV.L @H'FFFD14:24,ER6
  H'001912  BSR H'000C8A:16
  H'001916  SUB.B R6L,R6L
  H'001918  MOV.B R6L,@H'FFFD1E:24
  H'00191E  BRA H'001942
  H'001920  CMP.B #H'02,R6L
  H'001922  BNE H'00193A
  H'001924  MOV.L @H'FFFD14:24,ER6
  H'00192C  BSR H'000E44:16
  H'001930  SUB.B R6L,R6L
  H'001932  MOV.B R6L,@H'FFFD1E:24
  H'001938  BRA H'001942
  H'00193A  MOV.B #H'14,R6L
  H'00193C  MOV.B R6L,@H'FFFD1E:24
  H'001942  BRA H'001F50:16
  H'001946  BSR H'000524:16
  H'00194A  MOV.W R6,R6
  H'00194C  BEQ H'001978
  H'00194E  MOV.L @H'FFFD14:24,ER6
  H'001956  SHLL.L ER6
  H'001958  SHLL.L ER6
  H'00195A  SHLL.L ER6
  H'00195C  SHLL.L ER6
  H'00195E  PUSH.L ER6
  H'001962  BSR H'000558:16
  H'001966  SUB.B R6H,R6H
  H'001968  EXTU.L ER6
  H'00196A  POP.L ER5
  H'00196E  ADD.L ER6,ER5
  H'001970  MOV.L ER5,@H'FFFD14:24
  H'001978  BRA H'001F50:16
  H'00197C  MOV.L @H'FFFD14:24,ER6
  H'001984  MOV.B #H'08,R5L
  H'001986  SHLL.L ER6
  H'001988  DEC.B R5L
  H'00198A  BNE H'001986
  H'00198C  MOV.L ER6,@H'FFFD14:24
  H'001994  BSR H'00070A:16
  H'001998  CMP.B #H'01,R6L
  H'00199A  BNE H'0019B2
  H'00199C  MOV.L @H'FFFD14:24,ER6
  H'0019A4  BSR H'000DB4:16
  H'0019A8  SUB.B R6L,R6L
  H'0019AA  MOV.B R6L,@H'FFFD1E:24
  H'0019B0  BRA H'0019D4
  H'0019B2  CMP.B #H'0A,R6L
  H'0019B4  BNE H'0019CC
  H'0019B6  MOV.L @H'FFFD14:24,ER6
  H'0019BE  BSR H'000D5E:16
  H'0019C2  SUB.B R6L,R6L
  H'0019C4  MOV.B R6L,@H'FFFD1E:24
  H'0019CA  BRA H'0019D4
  H'0019CC  MOV.B #H'14,R6L
  H'0019CE  MOV.B R6L,@H'FFFD1E:24
  H'0019D4  BRA H'001F50:16
  H'0019D8  BSR H'000524:16
  H'0019DC  MOV.W R6,R6
  H'0019DE  BEQ H'001A0A
  H'0019E0  MOV.L @H'FFFD14:24,ER6
  H'0019E8  SHLL.L ER6
  H'0019EA  SHLL.L ER6
  H'0019EC  SHLL.L ER6
  H'0019EE  SHLL.L ER6
  H'0019F0  PUSH.L ER6
  H'0019F4  BSR H'000558:16
  H'0019F8  SUB.B R6H,R6H
  H'0019FA  EXTU.L ER6
  H'0019FC  POP.L ER5
  H'001A00  ADD.L ER6,ER5
  H'001A02  MOV.L ER5,@H'FFFD14:24
  H'001A0A  BRA H'001F50:16
  H'001A0E  BSR H'000524:16
  H'001A12  MOV.W R6,R6
  H'001A14  BEQ H'001A34
  H'001A16  MOV.B @H'FFFD20:24,R6L
  H'001A1C  SHLL.B R6L
  H'001A1E  SHLL.B R6L
  H'001A20  SHLL.B R6L
  H'001A22  SHLL.B R6L
  H'001A24  PUSH.W R6
  H'001A26  BSR H'000558:16
  H'001A2A  POP.W R5
  H'001A2C  ADD.B R6L,R5L
  H'001A2E  MOV.B R5L,@H'FFFD20:24
  H'001A34  BRA H'001F50:16
  H'001A38  JSR @H'00040A:24
  H'001A3C  MOV.L @H'FFFD14:24,ER6
  H'001A44  BSR H'00070A:16
  H'001A48  CMP.B #H'01,R6L
  H'001A4A  BNE H'001A9E
  H'001A4C  MOV.L @H'FFFD14:24,ER6
  H'001A54  BSR H'00082A:16
  H'001A58  MOV.L @H'FFFD14:24,ER6
  H'001A60  AND.L #H'000000FF,ER6
  H'001A66  MOV.L @H'FFFD10:24,ER5
  H'001A6E  ADD.L ER5,ER6
  H'001A70  MOV.B @H'FFFD20:24,R5L
  H'001A76  MOV.B R5L,@ER6
  H'001A78  MOV.L @H'FFFD14:24,ER6
  H'001A80  BSR H'000A28:16
  H'001A84  CMP.W #H'0001,R6
  H'001A88  BNE H'001A94
  H'001A8A  MOV.B #H'12,R6L
  H'001A8C  MOV.B R6L,@H'FFFD1E:24
  H'001A92  BRA H'001A9C
  H'001A94  MOV.B #H'14,R6L
  H'001A96  MOV.B R6L,@H'FFFD1E:24
  H'001A9C  BRA H'001AA6
  H'001A9E  MOV.B #H'14,R6L
  H'001AA0  MOV.B R6L,@H'FFFD1E:24
  H'001AA6  JSR @H'00040E:24
  H'001AAA  BRA H'001F50:16
  H'001AAE  BSR H'000524:16
  H'001AB2  MOV.W R6,R6
  H'001AB4  BEQ H'001AE0
  H'001AB6  MOV.L @H'FFFD14:24,ER6
  H'001ABE  SHLL.L ER6
  H'001AC0  SHLL.L ER6
  H'001AC2  SHLL.L ER6
  H'001AC4  SHLL.L ER6
  H'001AC6  PUSH.L ER6
  H'001ACA  BSR H'000558:16
  H'001ACE  SUB.B R6H,R6H
  H'001AD0  EXTU.L ER6
  H'001AD2  POP.L ER5
  H'001AD6  ADD.L ER6,ER5
  H'001AD8  MOV.L ER5,@H'FFFD14:24
  H'001AE0  BRA H'001F50:16
  H'001AE4  JSR @H'00040A:24
  H'001AE8  MOV.L @H'FFFD14:24,ER6
  H'001AF0  BSR H'00070A:16
  H'001AF4  CMP.B #H'01,R6L
  H'001AF6  BNE H'001B14
  H'001AF8  MOV.L @H'FFFD14:24,ER6
  H'001B00  BSR H'00082A:16
  H'001B04  MOV.B @H'FFFD1E:24,R6L
  H'001B0A  INC.B R6L
  H'001B0C  MOV.B R6L,@H'FFFD1E:24
  H'001B12  BRA H'001B1C
  H'001B14  MOV.B #H'14,R6L
  H'001B16  MOV.B R6L,@H'FFFD1E:24
  H'001B1C  JSR @H'00040E:24
  H'001B20  BRA H'001F50:16
  H'001B24  BSR H'000524:16
  H'001B28  MOV.W R6,R6
  H'001B2A  BEQ H'001B4A
  H'001B2C  MOV.W #H'0096,R6
  H'001B30  BSR H'00059E:16
  H'001B34  MOV.B @H'FFFD20:24,R5L
  H'001B3A  SHLL.B R5L
  H'001B3C  SHLL.B R5L
  H'001B3E  SHLL.B R5L
  H'001B40  SHLL.B R5L
  H'001B42  ADD.B R5L,R6L
  H'001B44  MOV.B R6L,@H'FFFD20:24
  H'001B4A  BRA H'001F50:16
  H'001B4E  MOV.L @H'FFFD14:24,ER6
  H'001B56  AND.L #H'000000FF,ER6
  H'001B5C  MOV.L @H'FFFD10:24,ER5
  H'001B64  ADD.L ER5,ER6
  H'001B66  MOV.B @H'FFFD20:24,R5L
  H'001B6C  MOV.B R5L,@ER6
  H'001B6E  MOV.L @H'FFFD14:24,ER6
  H'001B76  INC.L #1,ER6
  H'001B78  MOV.L ER6,@H'FFFD14:24
  H'001B80  AND.L #H'000000FF,ER6
  H'001B86  BNE H'001BA8
  H'001B88  JSR @H'00040A:24
  H'001B8C  MOV.L @H'FFFD14:24,ER6
  H'001B94  SUBS #1,ER6
  H'001B96  BSR H'000A60:16
  H'001B9A  JSR @H'00040E:24
  H'001B9E  MOV.B #H'92,R6L
  H'001BA0  MOV.B R6L,@H'FFFD1E:24
  H'001BA6  BRA H'001BB0
  H'001BA8  MOV.B #H'93,R6L
  H'001BAA  MOV.B R6L,@H'FFFD1E:24
  H'001BB0  BRA H'001F50:16
  H'001BB4  JSR @H'00040A:24
  H'001BB8  MOV.L @H'FFFD14:24,ER6
  H'001BC0  SUBS #1,ER6
  H'001BC2  BSR H'000A60:16
  H'001BC6  JSR @H'00040E:24
  H'001BCA  SUB.B R6L,R6L
  H'001BCC  MOV.B R6L,@H'FFFD1E:24
  H'001BD2  BRA H'001F50:16
  H'001BD6  BSR H'000524:16
  H'001BDA  MOV.W R6,R6
  H'001BDC  BEQ H'001C0A
  H'001BDE  BSR H'00044C:16
  H'001BE2  CMP.W #H'0051,R6
  H'001BE6  BNE H'001C02
  H'001BE8  MOV.B #H'51,R6L
  H'001BEA  BSR H'000472:16
  H'001BEE  MOV.L #H'00FFFD1C,ER6
  H'001BF4  BSET #2,@ER6
  H'001BF8  SUB.B R6L,R6L
  H'001BFA  MOV.B R6L,@H'FFFD1E:24
  H'001C00  BRA H'001C0A
  H'001C02  MOV.B #H'13,R6L
  H'001C04  MOV.B R6L,@H'FFFD1E:24
  H'001C0A  BRA H'001F50:16
  H'001C0E  BSR H'000524:16
  H'001C12  MOV.W R6,R6
  H'001C14  BEQ H'001C38
  H'001C16  BSR H'00044C:16
  H'001C1A  CMP.W #H'0072,R6
  H'001C1E  BNE H'001C30
  H'001C20  MOV.B #H'72,R6L
  H'001C22  BSR H'000472:16
  H'001C26  MOV.B #H'BF,R6L
  H'001C28  MOV.B R6L,@H'FFFD1E:24
  H'001C2E  BRA H'001C38
  H'001C30  MOV.B #H'13,R6L
  H'001C32  MOV.B R6L,@H'FFFD1E:24
  H'001C38  BRA H'001F50:16
  H'001C3C  BSR H'000524:16
  H'001C40  MOV.W R6,R6
  H'001C42  BEQ H'001C66
  H'001C44  BSR H'00044C:16
  H'001C48  CMP.W #H'004D,R6
  H'001C4C  BNE H'001C5E
  H'001C4E  MOV.B #H'4D,R6L
  H'001C50  BSR H'000472:16
  H'001C54  MOV.B #H'C0,R6L
  H'001C56  MOV.B R6L,@H'FFFD1E:24
  H'001C5C  BRA H'001C66
  H'001C5E  MOV.B #H'13,R6L
  H'001C60  MOV.B R6L,@H'FFFD1E:24
  H'001C66  BRA H'001F50:16
  H'001C6A  BSR H'000524:16
  H'001C6E  MOV.W R6,R6
  H'001C70  BEQ H'001CA6
  H'001C72  BSR H'00044C:16
  H'001C76  CMP.W #H'0045,R6
  H'001C7A  BNE H'001C9E
  H'001C7C  MOV.B #H'45,R6L
  H'001C7E  BSR H'000472:16
  H'001C82  MOV.W #H'0064,R6
  H'001C86  BSR H'000426:16
  H'001C8A  SUB.B R6L,R6L
  H'001C8C  MOV.B R6L,@H'FFFD1E:24
  H'001C92  MOV.L #H'00FFFD1C,ER6
  H'001C98  BCLR #1,@ER6
  H'001C9C  BRA H'001CA6
  H'001C9E  MOV.B #H'13,R6L
  H'001CA0  MOV.B R6L,@H'FFFD1E:24
  H'001CA6  BRA H'001F50:16
  H'001CAA  BSR H'000524:16
  H'001CAE  MOV.W R6,R6
  H'001CB0  BEQ H'001CDC
  H'001CB2  MOV.L @H'FFFD14:24,ER6
  H'001CBA  SHLL.L ER6
  H'001CBC  SHLL.L ER6
  H'001CBE  SHLL.L ER6
  H'001CC0  SHLL.L ER6
  H'001CC2  PUSH.L ER6
  H'001CC6  BSR H'000558:16
  H'001CCA  SUB.B R6H,R6H
  H'001CCC  EXTU.L ER6
  H'001CCE  POP.L ER5
  H'001CD2  ADD.L ER6,ER5
  H'001CD4  MOV.L ER5,@H'FFFD14:24
  H'001CDC  BRA H'001F50:16
  H'001CE0  MOV.L @H'FFFD10:24,ER6
  H'001CE8  MOV.L @H'FFFD14:24,ER5
  H'001CF0  MOV.L ER5,@ER6
  H'001CF4  SUB.L ER6,ER6
  H'001CF6  MOV.L ER6,@H'FFFD14:24
  H'001CFE  MOV.B #H'CF,R6L
  H'001D00  MOV.B R6L,@H'FFFD1E:24
  H'001D06  BRA H'001F50:16
  H'001D0A  BSR H'000524:16
  H'001D0E  MOV.W R6,R6
  H'001D10  BEQ H'001D3C
  H'001D12  MOV.L @H'FFFD14:24,ER6
  H'001D1A  SHLL.L ER6
  H'001D1C  SHLL.L ER6
  H'001D1E  SHLL.L ER6
  H'001D20  SHLL.L ER6
  H'001D22  PUSH.L ER6
  H'001D26  BSR H'000558:16
  H'001D2A  SUB.B R6H,R6H
  H'001D2C  EXTU.L ER6
  H'001D2E  POP.L ER5
  H'001D32  ADD.L ER6,ER5
  H'001D34  MOV.L ER5,@H'FFFD14:24
  H'001D3C  BRA H'001F50:16
  H'001D40  MOV.L @H'FFFD10:24,ER6
  H'001D48  MOV.L @ER6,ER5
  H'001D4C  CMP.L #H'00204000,ER5
  H'001D52  BCS H'001D6C
  H'001D54  CMP.L #H'00208000,ER5
  H'001D5A  BCC H'001D6C
  H'001D5C  MOV.L #H'AFAFAFAF,ER6
  H'001D62  MOV.L ER6,@H'FFFD14:24
  H'001D6A  BRA H'001D92
  H'001D6C  MOV.L @H'FFFD14:24,ER6
  H'001D74  PUSH.L ER6
  H'001D78  MOV.L @H'FFFD10:24,ER6
  H'001D80  MOV.L @ER6,ER6
  H'001D84  BSR H'000F06:16
  H'001D88  ADDS #4,ER7
  H'001D8A  MOV.L ER6,@H'FFFD14:24
  H'001D92  MOV.B @H'FFFD1E:24,R6L
  H'001D98  INC.B R6L
  H'001D9A  MOV.B R6L,@H'FFFD1E:24
  H'001DA0  BRA H'001F50:16
  H'001DA4  MOV.L @H'FFFD14:24,ER6
  H'001DAC  MOV.B #H'1C,R5L
  H'001DAE  SHLR.L ER6
  H'001DB0  DEC.B R5L
  H'001DB2  BNE H'001DAE
  H'001DB4  MOV.L ER6,ER5
  H'001DB6  BSR H'0005EE:16
  H'001DBA  MOV.B @H'FFFD1E:24,R6L
  H'001DC0  INC.B R6L
  H'001DC2  MOV.B R6L,@H'FFFD1E:24
  H'001DC8  BRA H'001F50:16
  H'001DCC  MOV.L @H'FFFD14:24,ER6
  H'001DD4  MOV.B #H'18,R5L
  H'001DD6  SHLR.L ER6
  H'001DD8  DEC.B R5L
  H'001DDA  BNE H'001DD6
  H'001DDC  MOV.L ER6,ER5
  H'001DDE  BSR H'0005EE:16
  H'001DE2  MOV.B @H'FFFD1E:24,R6L
  H'001DE8  INC.B R6L
  H'001DEA  MOV.B R6L,@H'FFFD1E:24
  H'001DF0  BRA H'001F50:16
  H'001DF4  MOV.L @H'FFFD14:24,ER6
  H'001DFC  MOV.B #H'14,R5L
  H'001DFE  SHLR.L ER6
  H'001E00  DEC.B R5L
  H'001E02  BNE H'001DFE
  H'001E04  MOV.L ER6,ER5
  H'001E06  BSR H'0005EE:16
  H'001E0A  MOV.B @H'FFFD1E:24,R6L
  H'001E10  INC.B R6L
  H'001E12  MOV.B R6L,@H'FFFD1E:24
  H'001E18  BRA H'001F50:16
  H'001E1C  MOV.L @H'FFFD14:24,ER6
  H'001E24  MOV.W E6,R6
  H'001E26  SUB.W E6,E6
  H'001E28  MOV.L ER6,ER5
  H'001E2A  BSR H'0005EE:16
  H'001E2E  MOV.B @H'FFFD1E:24,R6L
  H'001E34  INC.B R6L
  H'001E36  MOV.B R6L,@H'FFFD1E:24
  H'001E3C  MOV.L @H'FFFD14:24,ER6
  H'001E44  MOV.B #H'0C,R5L
  H'001E46  SHLR.L ER6
  H'001E48  DEC.B R5L
  H'001E4A  BNE H'001E46
  H'001E4C  MOV.L ER6,ER5
  H'001E4E  BSR H'0005EE:16
  H'001E52  MOV.B @H'FFFD1E:24,R6L
  H'001E58  INC.B R6L
  H'001E5A  MOV.B R6L,@H'FFFD1E:24
  H'001E60  MOV.B @H'FFFD16:24,R6L
  H'001E66  BSR H'0005EE:16
  H'001E6A  MOV.B @H'FFFD1E:24,R6L
  H'001E70  INC.B R6L
  H'001E72  MOV.B R6L,@H'FFFD1E:24
  H'001E78  MOV.L @H'FFFD14:24,ER6
  H'001E80  SHLR.L ER6
  H'001E82  SHLR.L ER6
  H'001E84  SHLR.L ER6
  H'001E86  SHLR.L ER6
  H'001E88  MOV.L ER6,ER5
  H'001E8A  BSR H'0005EE:16
  H'001E8E  MOV.B @H'FFFD1E:24,R6L
  H'001E94  INC.B R6L
  H'001E96  MOV.B R6L,@H'FFFD1E:24
  H'001E9C  BRA H'001F50:16
  H'001EA0  MOV.B @H'FFFD17:24,R6L
  H'001EA6  BSR H'0005EE:16
  H'001EAA  MOV.B #H'12,R6L
  H'001EAC  MOV.B R6L,@H'FFFD1E:24
  H'001EB2  BRA H'001F50:16
  H'001EB6  SUB.B R6L,R6L
  H'001EB8  MOV.B R6L,@H'FFFD1E:24
  H'001EBE  JSR @H'00041C:24
  H'001EC2  BRA H'001F50:16
  H'001EC6  SUB.B R6L,R6L
  H'001EC8  MOV.B R6L,@H'FFFD1E:24
  H'001ECE  JSR @H'00040A:24
  H'001ED2  BSR H'000FBA:16
  H'001ED6  BRA H'001ED2
  H'001ED8  BSR H'000524:16
  H'001EDC  MOV.W R6,R6
  H'001EDE  BEQ H'001F0A
  H'001EE0  MOV.L @H'FFFD14:24,ER6
  H'001EE8  SHLL.L ER6
  H'001EEA  SHLL.L ER6
  H'001EEC  SHLL.L ER6
  H'001EEE  SHLL.L ER6
  H'001EF0  PUSH.L ER6
  H'001EF4  BSR H'000558:16
  H'001EF8  SUB.B R6H,R6H
  H'001EFA  EXTU.L ER6
  H'001EFC  POP.L ER5
  H'001F00  ADD.L ER6,ER5
  H'001F02  MOV.L ER5,@H'FFFD14:24
  H'001F0A  BRA H'001F50
  H'001F0C  SUB.B R6L,R6L
  H'001F0E  MOV.B R6L,@H'FFFD20:24
  H'001F14  SUB.L ER6,ER6
  H'001F16  MOV.B @H'FFFD20:24,R6L
  H'001F1C  MOV.L @H'FFFD14:24,ER5
  H'001F24  ADD.L ER5,ER6
  H'001F26  MOV.B @ER6,R6L
  H'001F28  BSR H'000472:16
  H'001F2C  MOV.B @H'FFFD20:24,R6L
  H'001F32  INC.B R6L
  H'001F34  MOV.B R6L,@H'FFFD20:24
  H'001F3A  MOV.B R6L,R6L
  H'001F3C  BNE H'001F14
  H'001F3E  MOV.B #H'12,R6L
  H'001F40  MOV.B R6L,@H'FFFD1E:24
  H'001F46  BRA H'001F50
  H'001F48  MOV.B #H'13,R6L
  H'001F4A  MOV.B R6L,@H'FFFD1E:24
  H'001F50  POP.L ER6
  H'001F54  POP.L ER5
  H'001F58  POP.W R4
  H'001F5A  RTS
  H'001F5C  MOV.B @H'200000:24,R6L
  H'001F62  BNE H'001F6A
  H'001F64  MOV.W #H'0001,R6
  H'001F68  BRA H'001F6C
  H'001F6A  SUB.W R6,R6
  H'001F6C  RTS
  H'001F6E  PUSH.W R6
  H'001F70  MOV.B #H'FF,R6L
  H'001F72  MOV.B R6L,@H'FFFFEC:8
  H'001F74  SUB.B R6L,R6L
  H'001F76  MOV.B R6L,@H'FFFFF3:8
  H'001F78  MOV.B #H'FF,R6L
  H'001F7A  MOV.B R6L,@H'FFFFED:8
  H'001F7C  SUB.B R6L,R6L
  H'001F7E  MOV.B R6L,@H'FFFFEF:8
  H'001F80  MOV.B #H'F1,R6L
  H'001F82  MOV.B R6L,@H'FFFFEE:8
  H'001F84  MOV.B #H'1E,R6L
  H'001F86  MOV.B R6L,@H'FFFFCD:8
  H'001F88  POP.W R6
  H'001F8A  RTS
  H'001F8C  PUSH.L ER6
  H'001F90  MOV.L #H'00FFFE10,ER6
  H'001F96  MOV.L ER6,@H'FFFD10:24
  H'001F9E  POP.L ER6
  H'001FA2  RTS
  H'001FA4  PUSH.L ER6
  H'001FA8  BSR H'001F8C
  H'001FAA  BSR H'001F6E
  H'001FAC  BSR H'0006AA:16
  H'001FB0  SUB.B R6L,R6L
  H'001FB2  MOV.B R6L,@H'FFFD1E:24
  H'001FB8  MOV.L #H'00FFFD1C,ER6
  H'001FBE  BCLR #1,@ER6
  H'001FC2  BCLR #2,@ER6
  H'001FC6  POP.L ER6
  H'001FCA  RTS
  H'001FCC  BSR H'001FA4
  H'001FCE  BSR H'00063C:16
  H'001FD2  BSR H'000F3E:16
  H'001FD6  CMP.W #H'0001,R6
  H'001FDA  BEQ H'001FE4
  H'001FDC  BSR H'001F5C:16
  H'001FE0  MOV.W R6,R6
  H'001FE2  BNE H'002002
  H'001FE4  MOV.B #H'4D,R6L
  H'001FE6  BSR H'000472:16
  H'001FEA  MOV.W #H'000A,R6
  H'001FEE  BSR H'000426:16
  H'001FF2  MOV.L #H'00FFFD1C,ER6
  H'001FF8  BSET #0,@ER6
  H'001FFC  BSR H'000FBA:16
  H'002000  BRA H'001FFC
  H'002002  MOV.L #H'00FFFD1C,ER6
  H'002008  BCLR #0,@ER6
  H'00200C  MOV.B #H'4E,R6L
  H'00200E  BSR H'000472:16
  H'002012  MOV.W #H'000A,R6
  H'002016  BSR H'000426:16
  H'00201A  JSR @H'000412:24
  H'00201E  RTS
  H'002020  PUSH.W R6
  H'002022  SUB.B R6L,R6L
  H'002024  MOV.B R6L,@H'FFFE13:24
  H'00202A  MOV.B R6L,@H'FFFE12:24
  H'002030  POP.W R6
  H'002032  RTS
  H'002034  PUSH.W R6
  H'002036  SUB.B R6L,R6L
  H'002038  MOV.B R6L,@H'FFFE11:24
  H'00203E  MOV.B R6L,@H'FFFE10:24
  H'002044  POP.W R6
  H'002046  RTS
  H'002048  PUSH.W R2
  H'00204A  PUSH.L ER3
  H'00204E  PUSH.W R5
  H'002050  PUSH.W E6
  H'002052  SUBS #2,ER7
  H'002054  BSR H'002020
  H'002056  BSR H'002034
  H'002058  MOV.L #H'FFFFFD1C,ER6
  H'00205E  BCLR #2,@ER6
  H'002062  MOV.W #H'0001,R6
  H'002066  MOV.W R6,@ER7
  H'002068  SUB.W R3,R3
  H'00206A  SUB.W E3,E3
  H'00206C  SUB.B R5H,R5H
  H'00206E  BTST #7,@H'FFFFBC:8
  H'002072  BEQ H'00206E
  H'002074  MOV.B #H'4F,R6L
  H'002076  MOV.B R6L,@H'FFFFBB:8
  H'002078  BCLR #7,@H'FFFFBC:8
  H'00207C  CMP.W #H'0004,R3
  H'002080  BNE H'00208A
  H'002082  CMP.W #H'0004,E3
  H'002086  BEQ H'002212:16
  H'00208A  BTST #7,@H'FFFFBC:8
  H'00208E  BEQ H'0020D8
  H'002090  MOV.B @H'FFFE12:24,R6L
  H'002096  MOV.B @H'FFFE13:24,R5L
  H'00209C  CMP.B R5L,R6L
  H'00209E  BEQ H'0020D8
  H'0020A0  MOV.B R5L,R6L
  H'0020A2  INC.B R5L
  H'0020A4  MOV.B R5L,@H'FFFE13:24
  H'0020AA  SUB.B R6H,R6H
  H'0020AC  EXTU.L ER6
  H'0020AE  MOV.B @(H'FFFE14:24,ER6),R5L
  H'0020B6  MOV.B R5L,@H'FFFFBB:8
  H'0020B8  CMP.B R5H,R5L
  H'0020BA  BNE H'0020C0
  H'0020BC  INC.W #1,R3
  H'0020BE  BRA H'0020C2
  H'0020C0  SUB.W R3,R3
  H'0020C2  BCLR #7,@H'FFFFBC:8
  H'0020C6  MOV.B @H'FFFE13:24,R6L
  H'0020CC  CMP.B #H'6E,R6L
  H'0020CE  BLS H'0020D8
  H'0020D0  SUB.B R6L,R6L
  H'0020D2  MOV.B R6L,@H'FFFE13:24
  H'0020D8  BTST #7,@H'FFFFB4:8
  H'0020DC  BEQ H'002126
  H'0020DE  MOV.B @H'FFFE10:24,R6L
  H'0020E4  MOV.B @H'FFFE11:24,R5L
  H'0020EA  CMP.B R5L,R6L
  H'0020EC  BEQ H'002126
  H'0020EE  MOV.B R5L,R6L
  H'0020F0  INC.B R5L
  H'0020F2  MOV.B R5L,@H'FFFE11:24
  H'0020F8  SUB.B R6H,R6H
  H'0020FA  EXTU.L ER6
  H'0020FC  MOV.B @(H'FFFE87:24,ER6),R5L
  H'002104  MOV.B R5L,@H'FFFFB3:8
  H'002106  CMP.B R5H,R5L
  H'002108  BNE H'00210E
  H'00210A  INC.W #1,E3
  H'00210C  BRA H'002110
  H'00210E  SUB.W E3,E3
  H'002110  BCLR #7,@H'FFFFB4:8
  H'002114  MOV.B @H'FFFE11:24,R6L
  H'00211A  CMP.B #H'6E,R6L
  H'00211C  BLS H'002126
  H'00211E  SUB.B R6L,R6L
  H'002120  MOV.B R6L,@H'FFFE11:24
  H'002126  MOV.B @H'FFFFB4:8,R6L
  H'002128  AND.B #H'38,R6L
  H'00212A  BEQ H'00213C
  H'00212C  MOV.B @H'FFFFB5:8,R2L
  H'00212E  MOV.B @H'FFFFB4:8,R6L
  H'002130  AND.B #H'C7,R6L
  H'002132  MOV.B R6L,@H'FFFFB4:8
  H'002134  MOV.B #H'21,R6L
  H'002136  MOV.B R6L,@H'FFFFBB:8
  H'002138  BCLR #7,@H'FFFFBC:8
  H'00213C  BTST #6,@H'FFFFB4:8
  H'002140  BEQ H'00219A
  H'002142  MOV.B @H'FFFE12:24,R6L
  H'002148  INC.B R6L
  H'00214A  MOV.B R6L,@H'FFFE12:24
  H'002150  DEC.B R6L
  H'002152  SUB.B R6H,R6H
  H'002154  EXTU.L ER6
  H'002156  MOV.B @H'FFFFB5:8,R5L
  H'002158  MOV.B R5L,@(H'FFFE14:24,ER6)
  H'002160  MOV.B @H'FFFE12:24,R6L
  H'002166  CMP.B #H'6E,R6L
  H'002168  BLS H'002172
  H'00216A  SUB.B R6L,R6L
  H'00216C  MOV.B R6L,@H'FFFE12:24
  H'002172  BCLR #6,@H'FFFFB4:8
  H'002176  CMP.W E6,R3
  H'002178  BNE H'00217E
  H'00217A  MOV.B #H'54,R5H
  H'00217C  BRA H'00219A
  H'00217E  CMP.W #H'0001,R3
  H'002182  BNE H'002188
  H'002184  MOV.B #H'72,R5H
  H'002186  BRA H'00219A
  H'002188  CMP.W #H'0002,R3
  H'00218C  BNE H'002192
  H'00218E  MOV.B #H'4D,R5H
  H'002190  BRA H'00219A
  H'002192  CMP.W #H'0003,R3
  H'002196  BNE H'00219A
  H'002198  MOV.B #H'45,R5H
  H'00219A  MOV.B @H'FFFFBC:8,R6L
  H'00219C  AND.B #H'38,R6L
  H'00219E  BEQ H'0021B0
  H'0021A0  MOV.B @H'FFFFBD:8,R2L
  H'0021A2  MOV.B @H'FFFFBC:8,R6L
  H'0021A4  AND.B #H'C7,R6L
  H'0021A6  MOV.B R6L,@H'FFFFBC:8
  H'0021A8  MOV.B #H'21,R6L
  H'0021AA  MOV.B R6L,@H'FFFFBB:8
  H'0021AC  BCLR #7,@H'FFFFBC:8
  H'0021B0  BTST #6,@H'FFFFBC:8
  H'0021B4  BEQ H'00220E
  H'0021B6  MOV.B @H'FFFE10:24,R6L
  H'0021BC  INC.B R6L
  H'0021BE  MOV.B R6L,@H'FFFE10:24
  H'0021C4  DEC.B R6L
  H'0021C6  SUB.B R6H,R6H
  H'0021C8  EXTU.L ER6
  H'0021CA  MOV.B @H'FFFFBD:8,R5L
  H'0021CC  MOV.B R5L,@(H'FFFE87:24,ER6)
  H'0021D4  MOV.B @H'FFFE10:24,R6L
  H'0021DA  CMP.B #H'6E,R6L
  H'0021DC  BLS H'0021E6
  H'0021DE  SUB.B R6L,R6L
  H'0021E0  MOV.B R6L,@H'FFFE10:24
  H'0021E6  BCLR #6,@H'FFFFBC:8
  H'0021EA  CMP.W E6,E3
  H'0021EC  BNE H'0021F2
  H'0021EE  MOV.B #H'54,R5H
  H'0021F0  BRA H'00220E
  H'0021F2  CMP.W #H'0001,E3
  H'0021F6  BNE H'0021FC
  H'0021F8  MOV.B #H'72,R5H
  H'0021FA  BRA H'00220E
  H'0021FC  CMP.W #H'0002,E3
  H'002200  BNE H'002206
  H'002202  MOV.B #H'4D,R5H
  H'002204  BRA H'00220E
  H'002206  CMP.W #H'0003,E3
  H'00220A  BNE H'00220E
  H'00220C  MOV.B #H'45,R5H
  H'00220E  BRA H'00207C:16
  H'002212  MOV.W #H'0001,R6
  H'002216  ADDS #2,ER7
  H'002218  POP.W E6
  H'00221A  POP.W R5
  H'00221C  POP.L ER3
  H'002220  POP.W R2
  H'002222  RTS
  H'002224  PUSH.W E6
  H'002226  MOV.L #H'00FFFD1C,ER6
  H'00222C  BSET #1,@ER6
  H'002230  MOV.W #H'0001,R6
  H'002234  POP.W E6
  H'002236  RTS
  H'002238  PUSH.W E6
  H'00223A  MOV.L #H'00FFFD1C,ER6
  H'002240  BLD #1,@ER6
  H'002244  SUBX R6L,R6L
  H'002246  NEG.B R6L
  H'002248  SUB.B R6H,R6H
  H'00224A  POP.W E6
  H'00224C  RTS
  H'00224E  PUSH.W E6
  H'002250  MOV.L #H'00FFFD1C,ER6
  H'002256  BLD #2,@ER6
  H'00225A  SUBX R6L,R6L
  H'00225C  NEG.B R6L
  H'00225E  SUB.B R6H,R6H
  H'002260  POP.W E6
  H'002262  RTS
  H'002264  BRA H'002264
  H'002266  .WORD H'0B42
  H'002268  BLE H'0022BD
  H'00226A  .WORD H'0042
  H'00226C  BCS H'0022C0
  H'00226E  BGT H'0022B9
  H'002270  BGT H'0022B3
  H'002272  MOV.B @H'FFFF45:8,R0H
  H'002274  MOV.B @ER6+,R5H
  H'002276  BTST R7H,R4H
  H'002278  BCLR #6,R7L
  H'00227A  MOV.B @(H'6320:16,ER6),R1L
  H'00227E  BRN H'0022C7
  H'002280  MOV.W R0,R0
  H'002282  BHI H'0022ED
  H'002284  MOV.W @(H'5665:16,ER7),R3
  H'002288  BCLR #7,R3H
  H'00228A  MOV.W @ER6,E7
  H'00228C  MOV.B @(H'2031:16,ER3),R2L
  H'002290  MOV.B @H'FFFF31:8,R6L
  H'002292  MOV.B R0H,@H'FFFF0D:8
  H'002294  .WORD H'004D
  H'002296  BNOT R6H,R1L
  H'002298  MOV.B @H'FFFF39:8,R0H
  H'00229A  MOV.B R7H,@H'FFFF0D:8
  H'00229C  .WORD H'0045
  H'00229E  BHI H'0022A0
  H'0022A0  .WORD H'5858
  H'0022A2  NOP
  H'0022A4  NOP
  H'0022A6  NOP
  H'0022A8  NOP
  H'0022AA  NOP
  H'0022AC  NOP
  H'0022AE  NOP
  H'0022B0  NOP
  H'0022B2  NOP
  H'0022B4  NOP
  H'0022B6  NOP
  H'0022B8  NOP
  H'0022BA  NOP
  H'0022BC  NOP
  H'0022BE  NOP
  H'0022C0  NOP
  H'0022C2  NOP
  H'0022C4  NOP
  H'0022C6  NOP
  H'0022C8  NOP
  H'0022CA  NOP
  H'0022CC  NOP
  H'0022CE  NOP
  H'0022D0  NOP
  H'0022D2  NOP
  H'0022D4  NOP
  H'0022D6  NOP
  H'0022D8  NOP
  H'0022DA  NOP
  H'0022DC  NOP
  H'0022DE  NOP
  H'0022E0  NOP
  H'0022E2  NOP
  H'0022E4  NOP
  H'0022E6  NOP
  H'0022E8  NOP
  H'0022EA  NOP
  H'0022EC  NOP
  H'0022EE  NOP
  H'0022F0  NOP
  H'0022F2  NOP
  H'0022F4  NOP
  H'0022F6  NOP
  H'0022F8  NOP
  H'0022FA  NOP
  H'0022FC  NOP
  H'0022FE  NOP
  H'002300  NOP
